Archive member included to satisfy reference by file (symbol)

../test2_bsp/\libhal_bsp.a(alt_load.o)
                              ../test2_bsp//obj/HAL/src/crt0.o (alt_load)
../test2_bsp/\libhal_bsp.a(alt_main.o)
                              ../test2_bsp//obj/HAL/src/crt0.o (alt_main)
../test2_bsp/\libhal_bsp.a(alt_putstr.o)
                              obj/default/hello_world_small.o (alt_putstr)
../test2_bsp/\libhal_bsp.a(alt_sys_init.o)
                              ../test2_bsp/\libhal_bsp.a(alt_main.o) (alt_irq_init)
../test2_bsp/\libhal_bsp.a(altera_avalon_jtag_uart_write.o)
                              ../test2_bsp/\libhal_bsp.a(alt_putstr.o) (altera_avalon_jtag_uart_write)
../test2_bsp/\libhal_bsp.a(alt_dcache_flush_all.o)
                              ../test2_bsp/\libhal_bsp.a(alt_load.o) (alt_dcache_flush_all)
../test2_bsp/\libhal_bsp.a(alt_icache_flush_all.o)
                              ../test2_bsp/\libhal_bsp.a(alt_load.o) (alt_icache_flush_all)
../test2_bsp/\libhal_bsp.a(altera_nios2_gen2_irq.o)
                              ../test2_bsp/\libhal_bsp.a(alt_sys_init.o) (altera_nios2_gen2_irq_init)
c:/intelfpga_lite/18.1/nios2eds/bin/gnu/h-x86_64-mingw32/bin/../lib/gcc/nios2-elf/5.3.0/../../../../../H-x86_64-mingw32/nios2-elf/lib/mno-hw-mul\libsmallc.a(lib_a-strlen.o)
                              ../test2_bsp/\libhal_bsp.a(alt_putstr.o) (strlen)

Memory Configuration

Name             Origin             Length             Attributes
intel_generic_serial_flash_interface_top_0_avl_mem 0x0000000000000000 0x0000000010000000
sdram_controller 0x0000000010000000 0x0000000002000000
reset            0x0000000012004000 0x0000000000000020
onchip_memory    0x0000000012004020 0x0000000000003a78
*default*        0x0000000000000000 0xffffffffffffffff

Linker script and memory map

LOAD ../test2_bsp//obj/HAL/src/crt0.o
LOAD obj/default/hello_world_small.o
LOAD c:/intelfpga_lite/18.1/nios2eds/bin/gnu/h-x86_64-mingw32/bin/../lib/gcc/nios2-elf/5.3.0/../../../../../H-x86_64-mingw32/nios2-elf/lib/mno-hw-mul\libstdc++.a
LOAD c:/intelfpga_lite/18.1/nios2eds/bin/gnu/h-x86_64-mingw32/bin/../lib/gcc/nios2-elf/5.3.0/../../../../../H-x86_64-mingw32/nios2-elf/lib/mno-hw-mul\libm.a
LOAD c:/intelfpga_lite/18.1/nios2eds/bin/gnu/h-x86_64-mingw32/bin/../lib/gcc/nios2-elf/5.3.0/mno-hw-mul\libgcc.a
START GROUP
LOAD c:/intelfpga_lite/18.1/nios2eds/bin/gnu/h-x86_64-mingw32/bin/../lib/gcc/nios2-elf/5.3.0/../../../../../H-x86_64-mingw32/nios2-elf/lib/mno-hw-mul\libsmallc.a
LOAD c:/intelfpga_lite/18.1/nios2eds/bin/gnu/h-x86_64-mingw32/bin/../lib/gcc/nios2-elf/5.3.0/mno-hw-mul\libgcc.a
LOAD ../test2_bsp/\libhal_bsp.a
LOAD c:/intelfpga_lite/18.1/nios2eds/bin/gnu/h-x86_64-mingw32/bin/../lib/gcc/nios2-elf/5.3.0/../../../../../H-x86_64-mingw32/nios2-elf/lib/mno-hw-mul\libm.a
END GROUP
LOAD c:/intelfpga_lite/18.1/nios2eds/bin/gnu/h-x86_64-mingw32/bin/../lib/gcc/nios2-elf/5.3.0/mno-hw-mul\libgcc.a
                0x0000000000000000                __alt_mem_intel_generic_serial_flash_interface_top_0_avl_mem = 0x0
                0x0000000010000000                __alt_mem_sdram_controller = 0x10000000
                0x0000000012004000                __alt_mem_onchip_memory = 0x12004000

.entry          0x0000000012004000       0x20
 *(.entry)
 .entry         0x0000000012004000       0x20 ../test2_bsp//obj/HAL/src/crt0.o
                0x0000000012004000                __reset
                0x000000001200400c                _exit

.exceptions     0x0000000012004020        0x0
                0x0000000012004020                PROVIDE (__ram_exceptions_start, ABSOLUTE (.))
                0x0000000012004020                . = ALIGN (0x20)
 *(.irq)
 *(.exceptions.entry.label)
 *(.exceptions.entry.user)
 *(.exceptions.entry.ecc_fatal)
 *(.exceptions.entry)
 *(.exceptions.irqtest.user)
 *(.exceptions.irqtest)
 *(.exceptions.irqhandler.user)
 *(.exceptions.irqhandler)
 *(.exceptions.irqreturn.user)
 *(.exceptions.irqreturn)
 *(.exceptions.notirq.label)
 *(.exceptions.notirq.user)
 *(.exceptions.notirq)
 *(.exceptions.soft.user)
 *(.exceptions.soft)
 *(.exceptions.unknown.user)
 *(.exceptions.unknown)
 *(.exceptions.exit.label)
 *(.exceptions.exit.user)
 *(.exceptions.exit)
 *(.exceptions)
                0x0000000012004020                PROVIDE (__ram_exceptions_end, ABSOLUTE (.))
                0x0000000012004020                PROVIDE (__flash_exceptions_start, LOADADDR (.exceptions))

.text           0x0000000012004020      0x294
                [!provide]                        PROVIDE (stext, ABSOLUTE (.))
 *(.interp)
 *(.hash)
 *(.dynsym)
 *(.dynstr)
 *(.gnu.version)
 *(.gnu.version_d)
 *(.gnu.version_r)
 *(.rel.init)
 *(.rela.init)
 *(.rel.text .rel.text.* .rel.gnu.linkonce.t.*)
 *(.rela.text .rela.text.* .rela.gnu.linkonce.t.*)
 *(.rel.fini)
 *(.rela.fini)
 *(.rel.rodata .rel.rodata.* .rel.gnu.linkonce.r.*)
 *(.rela.rodata .rela.rodata.* .rela.gnu.linkonce.r.*)
 *(.rel.data .rel.data.* .rel.gnu.linkonce.d.*)
 *(.rela.data .rela.data.* .rela.gnu.linkonce.d.*)
 *(.rel.tdata .rel.tdata.* .rel.gnu.linkonce.td.*)
 *(.rela.tdata .rela.tdata.* .rela.gnu.linkonce.td.*)
 *(.rel.tbss .rel.tbss.* .rel.gnu.linkonce.tb.*)
 *(.rela.tbss .rela.tbss.* .rela.gnu.linkonce.tb.*)
 *(.rel.ctors)
 *(.rela.ctors)
 *(.rel.dtors)
 *(.rela.dtors)
 *(.rel.got)
 *(.rela.got)
 *(.rel.sdata .rel.sdata.* .rel.gnu.linkonce.s.*)
 *(.rela.sdata .rela.sdata.* .rela.gnu.linkonce.s.*)
 *(.rel.sbss .rel.sbss.* .rel.gnu.linkonce.sb.*)
 *(.rela.sbss .rela.sbss.* .rela.gnu.linkonce.sb.*)
 *(.rel.sdata2 .rel.sdata2.* .rel.gnu.linkonce.s2.*)
 *(.rela.sdata2 .rela.sdata2.* .rela.gnu.linkonce.s2.*)
 *(.rel.sbss2 .rel.sbss2.* .rel.gnu.linkonce.sb2.*)
 *(.rela.sbss2 .rela.sbss2.* .rela.gnu.linkonce.sb2.*)
 *(.rel.bss .rel.bss.* .rel.gnu.linkonce.b.*)
 *(.rela.bss .rela.bss.* .rela.gnu.linkonce.b.*)
 *(.rel.plt)
 *(.rela.plt)
 *(.rel.dyn)
 *(.init)
 *(.plt)
 *(.text .stub .text.* .gnu.linkonce.t.*)
 .text          0x0000000012004020       0x3c ../test2_bsp//obj/HAL/src/crt0.o
                0x0000000012004020                _start
 .text          0x000000001200405c       0x58 obj/default/hello_world_small.o
                0x000000001200405c                write_data
                0x0000000012004088                write_pixel
                0x00000000120040b0                delay
 .text.startup  0x00000000120040b4       0x38 obj/default/hello_world_small.o
                0x00000000120040b4                main
 .text          0x00000000120040ec       0xe0 ../test2_bsp/\libhal_bsp.a(alt_load.o)
                0x00000000120040ec                alt_load
 .text          0x00000000120041cc       0x2c ../test2_bsp/\libhal_bsp.a(alt_main.o)
                0x00000000120041cc                alt_main
 .text          0x00000000120041f8       0x38 ../test2_bsp/\libhal_bsp.a(alt_putstr.o)
                0x00000000120041f8                alt_putstr
 .text          0x0000000012004230       0x24 ../test2_bsp/\libhal_bsp.a(alt_sys_init.o)
                0x0000000012004230                alt_irq_init
                0x0000000012004250                alt_sys_init
 .text          0x0000000012004254       0x34 ../test2_bsp/\libhal_bsp.a(altera_avalon_jtag_uart_write.o)
                0x0000000012004254                altera_avalon_jtag_uart_write
 .text          0x0000000012004288        0x4 ../test2_bsp/\libhal_bsp.a(alt_dcache_flush_all.o)
                0x0000000012004288                alt_dcache_flush_all
 .text          0x000000001200428c        0x4 ../test2_bsp/\libhal_bsp.a(alt_icache_flush_all.o)
                0x000000001200428c                alt_icache_flush_all
 .text          0x0000000012004290        0x8 ../test2_bsp/\libhal_bsp.a(altera_nios2_gen2_irq.o)
                0x0000000012004290                altera_nios2_gen2_irq_init
 .text          0x0000000012004298        0x0 c:/intelfpga_lite/18.1/nios2eds/bin/gnu/h-x86_64-mingw32/bin/../lib/gcc/nios2-elf/5.3.0/../../../../../H-x86_64-mingw32/nios2-elf/lib/mno-hw-mul\libsmallc.a(lib_a-strlen.o)
 .text.strlen   0x0000000012004298       0x1c c:/intelfpga_lite/18.1/nios2eds/bin/gnu/h-x86_64-mingw32/bin/../lib/gcc/nios2-elf/5.3.0/../../../../../H-x86_64-mingw32/nios2-elf/lib/mno-hw-mul\libsmallc.a(lib_a-strlen.o)
                0x0000000012004298                strlen
 *(.gnu.warning.*)
 *(.fini)
                [!provide]                        PROVIDE (__etext, ABSOLUTE (.))
                [!provide]                        PROVIDE (_etext, ABSOLUTE (.))
                [!provide]                        PROVIDE (etext, ABSOLUTE (.))
 *(.eh_frame_hdr)
                0x00000000120042b4                . = ALIGN (0x4)
                [!provide]                        PROVIDE (__preinit_array_start, ABSOLUTE (.))
 *(.preinit_array)
                [!provide]                        PROVIDE (__preinit_array_end, ABSOLUTE (.))
                [!provide]                        PROVIDE (__init_array_start, ABSOLUTE (.))
 *(.init_array)
                [!provide]                        PROVIDE (__init_array_end, ABSOLUTE (.))
                [!provide]                        PROVIDE (__fini_array_start, ABSOLUTE (.))
 *(.fini_array)
                [!provide]                        PROVIDE (__fini_array_end, ABSOLUTE (.))
 *(.eh_frame)
 *(.gcc_except_table .gcc_except_table.*)
 *(.dynamic)
                [!provide]                        PROVIDE (__CTOR_LIST__, ABSOLUTE (.))
 *(.ctors)
 *(SORT(.ctors.*))
                [!provide]                        PROVIDE (__CTOR_END__, ABSOLUTE (.))
                [!provide]                        PROVIDE (__DTOR_LIST__, ABSOLUTE (.))
 *(.dtors)
 *(SORT(.dtors.*))
                [!provide]                        PROVIDE (__DTOR_END__, ABSOLUTE (.))
 *(.jcr)
                0x00000000120042b4                . = ALIGN (0x4)

.rodata         0x0000000010000000       0x1c load address 0x00000000120042b4
                0x0000000010000000                PROVIDE (__ram_rodata_start, ABSOLUTE (.))
                0x0000000010000000                . = ALIGN (0x4)
 *(.rodata .rodata.* .gnu.linkonce.r.*)
 .rodata.str1.4
                0x0000000010000000       0x1c obj/default/hello_world_small.o
                                         0x19 (size before relaxing)
 *(.rodata1)
                0x000000001000001c                . = ALIGN (0x4)
                0x000000001000001c                PROVIDE (__ram_rodata_end, ABSOLUTE (.))
                0x00000000120042b4                PROVIDE (__flash_rodata_start, LOADADDR (.rodata))

.rwdata         0x000000001000001c        0x8 load address 0x00000000120042d0
                0x000000001000001c                PROVIDE (__ram_rwdata_start, ABSOLUTE (.))
                0x000000001000001c                . = ALIGN (0x4)
 *(.got.plt)
 *(.got)
 *(.data1)
 *(.data .data.* .gnu.linkonce.d.*)
 .data          0x000000001000001c        0x0 ../test2_bsp//obj/HAL/src/crt0.o
 .data          0x000000001000001c        0x0 obj/default/hello_world_small.o
 .data          0x000000001000001c        0x0 ../test2_bsp/\libhal_bsp.a(alt_load.o)
 .data          0x000000001000001c        0x0 ../test2_bsp/\libhal_bsp.a(alt_main.o)
 .data          0x000000001000001c        0x0 ../test2_bsp/\libhal_bsp.a(alt_putstr.o)
 .data          0x000000001000001c        0x0 ../test2_bsp/\libhal_bsp.a(alt_sys_init.o)
 .data          0x000000001000001c        0x0 ../test2_bsp/\libhal_bsp.a(altera_avalon_jtag_uart_write.o)
 .data          0x000000001000001c        0x0 ../test2_bsp/\libhal_bsp.a(alt_dcache_flush_all.o)
 .data          0x000000001000001c        0x0 ../test2_bsp/\libhal_bsp.a(alt_icache_flush_all.o)
 .data          0x000000001000001c        0x0 ../test2_bsp/\libhal_bsp.a(altera_nios2_gen2_irq.o)
 .data          0x000000001000001c        0x0 c:/intelfpga_lite/18.1/nios2eds/bin/gnu/h-x86_64-mingw32/bin/../lib/gcc/nios2-elf/5.3.0/../../../../../H-x86_64-mingw32/nios2-elf/lib/mno-hw-mul\libsmallc.a(lib_a-strlen.o)
                0x000000001000801c                _gp = ABSOLUTE ((. + 0x8000))
                [!provide]                        PROVIDE (gp, _gp)
 *(.rwdata .rwdata.*)
 *(.sdata .sdata.* .gnu.linkonce.s.*)
 .sdata         0x000000001000001c        0x4 obj/default/hello_world_small.o
                0x000000001000001c                ram
 .sdata         0x0000000010000020        0x4 ../test2_bsp/\libhal_bsp.a(alt_sys_init.o)
                0x0000000010000020                jtag_uart
 *(.sdata2 .sdata2.* .gnu.linkonce.s2.*)
                0x0000000010000024                . = ALIGN (0x4)
                0x0000000010000024                _edata = ABSOLUTE (.)
                [!provide]                        PROVIDE (edata, ABSOLUTE (.))
                0x0000000010000024                PROVIDE (__ram_rwdata_end, ABSOLUTE (.))
                0x00000000120042d0                PROVIDE (__flash_rwdata_start, LOADADDR (.rwdata))

.bss            0x0000000010000024        0xc load address 0x00000000120042d8
                0x0000000010000024                __bss_start = ABSOLUTE (.)
                [!provide]                        PROVIDE (__sbss_start, ABSOLUTE (.))
                [!provide]                        PROVIDE (___sbss_start, ABSOLUTE (.))
 *(.dynsbss)
 *(.sbss .sbss.* .gnu.linkonce.sb.*)
 .sbss          0x0000000010000024        0xc ../test2_bsp/\libhal_bsp.a(alt_main.o)
                0x0000000010000024                alt_envp
                0x0000000010000028                alt_argv
                0x000000001000002c                alt_argc
 *(.sbss2 .sbss2.* .gnu.linkonce.sb2.*)
 *(.scommon)
                [!provide]                        PROVIDE (__sbss_end, ABSOLUTE (.))
                [!provide]                        PROVIDE (___sbss_end, ABSOLUTE (.))
 *(.dynbss)
 *(.bss .bss.* .gnu.linkonce.b.*)
 .bss           0x0000000010000030        0x0 ../test2_bsp//obj/HAL/src/crt0.o
 .bss           0x0000000010000030        0x0 obj/default/hello_world_small.o
 .bss           0x0000000010000030        0x0 ../test2_bsp/\libhal_bsp.a(alt_load.o)
 .bss           0x0000000010000030        0x0 ../test2_bsp/\libhal_bsp.a(alt_main.o)
 .bss           0x0000000010000030        0x0 ../test2_bsp/\libhal_bsp.a(alt_putstr.o)
 .bss           0x0000000010000030        0x0 ../test2_bsp/\libhal_bsp.a(alt_sys_init.o)
 .bss           0x0000000010000030        0x0 ../test2_bsp/\libhal_bsp.a(altera_avalon_jtag_uart_write.o)
 .bss           0x0000000010000030        0x0 ../test2_bsp/\libhal_bsp.a(alt_dcache_flush_all.o)
 .bss           0x0000000010000030        0x0 ../test2_bsp/\libhal_bsp.a(alt_icache_flush_all.o)
 .bss           0x0000000010000030        0x0 ../test2_bsp/\libhal_bsp.a(altera_nios2_gen2_irq.o)
 .bss           0x0000000010000030        0x0 c:/intelfpga_lite/18.1/nios2eds/bin/gnu/h-x86_64-mingw32/bin/../lib/gcc/nios2-elf/5.3.0/../../../../../H-x86_64-mingw32/nios2-elf/lib/mno-hw-mul\libsmallc.a(lib_a-strlen.o)
 *(COMMON)
                0x0000000010000030                . = ALIGN (0x4)
                0x0000000010000030                __bss_end = ABSOLUTE (.)

.intel_generic_serial_flash_interface_top_0_avl_mem
                0x0000000000000000        0x0 load address 0x00000000120042d8
                [!provide]                        PROVIDE (_alt_partition_intel_generic_serial_flash_interface_top_0_avl_mem_start, ABSOLUTE (.))
 *(.intel_generic_serial_flash_interface_top_0_avl_mem .intel_generic_serial_flash_interface_top_0_avl_mem. intel_generic_serial_flash_interface_top_0_avl_mem.*)
                0x0000000000000000                . = ALIGN (0x4)
                [!provide]                        PROVIDE (_alt_partition_intel_generic_serial_flash_interface_top_0_avl_mem_end, ABSOLUTE (.))
                [!provide]                        PROVIDE (_alt_partition_intel_generic_serial_flash_interface_top_0_avl_mem_load_addr, LOADADDR (.intel_generic_serial_flash_interface_top_0_avl_mem))

.sdram_controller
                0x0000000010000030        0x0 load address 0x00000000120042d8
                [!provide]                        PROVIDE (_alt_partition_sdram_controller_start, ABSOLUTE (.))
 *(.sdram_controller .sdram_controller. sdram_controller.*)
                0x0000000010000030                . = ALIGN (0x4)
                [!provide]                        PROVIDE (_alt_partition_sdram_controller_end, ABSOLUTE (.))
                0x0000000010000030                _end = ABSOLUTE (.)
                0x0000000010000030                end = ABSOLUTE (.)
                0x0000000010000030                __alt_stack_base = ABSOLUTE (.)
                [!provide]                        PROVIDE (_alt_partition_sdram_controller_load_addr, LOADADDR (.sdram_controller))

.onchip_memory  0x00000000120042d8        0x0
                [!provide]                        PROVIDE (_alt_partition_onchip_memory_start, ABSOLUTE (.))
 *(.onchip_memory .onchip_memory. onchip_memory.*)
                0x00000000120042d8                . = ALIGN (0x4)
                [!provide]                        PROVIDE (_alt_partition_onchip_memory_end, ABSOLUTE (.))
                [!provide]                        PROVIDE (_alt_partition_onchip_memory_load_addr, LOADADDR (.onchip_memory))

.stab
 *(.stab)

.stabstr
 *(.stabstr)

.stab.excl
 *(.stab.excl)

.stab.exclstr
 *(.stab.exclstr)

.stab.index
 *(.stab.index)

.stab.indexstr
 *(.stab.indexstr)

.comment        0x0000000000000000       0x23
 *(.comment)
 .comment       0x0000000000000000       0x23 obj/default/hello_world_small.o
                                         0x24 (size before relaxing)
 .comment       0x0000000000000023       0x24 ../test2_bsp/\libhal_bsp.a(alt_load.o)
 .comment       0x0000000000000023       0x24 ../test2_bsp/\libhal_bsp.a(alt_main.o)
 .comment       0x0000000000000023       0x24 ../test2_bsp/\libhal_bsp.a(alt_putstr.o)
 .comment       0x0000000000000023       0x24 ../test2_bsp/\libhal_bsp.a(alt_sys_init.o)
 .comment       0x0000000000000023       0x24 ../test2_bsp/\libhal_bsp.a(altera_avalon_jtag_uart_write.o)
 .comment       0x0000000000000023       0x24 ../test2_bsp/\libhal_bsp.a(alt_dcache_flush_all.o)
 .comment       0x0000000000000023       0x24 ../test2_bsp/\libhal_bsp.a(alt_icache_flush_all.o)
 .comment       0x0000000000000023       0x24 ../test2_bsp/\libhal_bsp.a(altera_nios2_gen2_irq.o)
 .comment       0x0000000000000023       0x24 c:/intelfpga_lite/18.1/nios2eds/bin/gnu/h-x86_64-mingw32/bin/../lib/gcc/nios2-elf/5.3.0/../../../../../H-x86_64-mingw32/nios2-elf/lib/mno-hw-mul\libsmallc.a(lib_a-strlen.o)

.debug
 *(.debug)

.line
 *(.line)

.debug_srcinfo
 *(.debug_srcinfo)

.debug_sfnames
 *(.debug_sfnames)

.debug_aranges  0x0000000000000000      0x170
 *(.debug_aranges)
 .debug_aranges
                0x0000000000000000       0x28 ../test2_bsp//obj/HAL/src/crt0.o
 .debug_aranges
                0x0000000000000028       0x28 obj/default/hello_world_small.o
 .debug_aranges
                0x0000000000000050       0x20 ../test2_bsp/\libhal_bsp.a(alt_load.o)
 .debug_aranges
                0x0000000000000070       0x20 ../test2_bsp/\libhal_bsp.a(alt_main.o)
 .debug_aranges
                0x0000000000000090       0x20 ../test2_bsp/\libhal_bsp.a(alt_putstr.o)
 .debug_aranges
                0x00000000000000b0       0x20 ../test2_bsp/\libhal_bsp.a(alt_sys_init.o)
 .debug_aranges
                0x00000000000000d0       0x20 ../test2_bsp/\libhal_bsp.a(altera_avalon_jtag_uart_write.o)
 .debug_aranges
                0x00000000000000f0       0x20 ../test2_bsp/\libhal_bsp.a(alt_dcache_flush_all.o)
 .debug_aranges
                0x0000000000000110       0x20 ../test2_bsp/\libhal_bsp.a(alt_icache_flush_all.o)
 .debug_aranges
                0x0000000000000130       0x20 ../test2_bsp/\libhal_bsp.a(altera_nios2_gen2_irq.o)
 .debug_aranges
                0x0000000000000150       0x20 c:/intelfpga_lite/18.1/nios2eds/bin/gnu/h-x86_64-mingw32/bin/../lib/gcc/nios2-elf/5.3.0/../../../../../H-x86_64-mingw32/nios2-elf/lib/mno-hw-mul\libsmallc.a(lib_a-strlen.o)

.debug_pubnames
 *(.debug_pubnames)

.debug_info     0x0000000000000000      0xcf2
 *(.debug_info .gnu.linkonce.wi.*)
 .debug_info    0x0000000000000000       0x73 ../test2_bsp//obj/HAL/src/crt0.o
 .debug_info    0x0000000000000073      0x278 obj/default/hello_world_small.o
 .debug_info    0x00000000000002eb      0x1c9 ../test2_bsp/\libhal_bsp.a(alt_load.o)
 .debug_info    0x00000000000004b4      0x169 ../test2_bsp/\libhal_bsp.a(alt_main.o)
 .debug_info    0x000000000000061d      0x13a ../test2_bsp/\libhal_bsp.a(alt_putstr.o)
 .debug_info    0x0000000000000757      0x185 ../test2_bsp/\libhal_bsp.a(alt_sys_init.o)
 .debug_info    0x00000000000008dc      0x197 ../test2_bsp/\libhal_bsp.a(altera_avalon_jtag_uart_write.o)
 .debug_info    0x0000000000000a73       0x92 ../test2_bsp/\libhal_bsp.a(alt_dcache_flush_all.o)
 .debug_info    0x0000000000000b05       0x92 ../test2_bsp/\libhal_bsp.a(alt_icache_flush_all.o)
 .debug_info    0x0000000000000b97       0x92 ../test2_bsp/\libhal_bsp.a(altera_nios2_gen2_irq.o)
 .debug_info    0x0000000000000c29       0xc9 c:/intelfpga_lite/18.1/nios2eds/bin/gnu/h-x86_64-mingw32/bin/../lib/gcc/nios2-elf/5.3.0/../../../../../H-x86_64-mingw32/nios2-elf/lib/mno-hw-mul\libsmallc.a(lib_a-strlen.o)

.debug_abbrev   0x0000000000000000      0x78e
 *(.debug_abbrev)
 .debug_abbrev  0x0000000000000000       0x12 ../test2_bsp//obj/HAL/src/crt0.o
 .debug_abbrev  0x0000000000000012      0x1c2 obj/default/hello_world_small.o
 .debug_abbrev  0x00000000000001d4       0xd8 ../test2_bsp/\libhal_bsp.a(alt_load.o)
 .debug_abbrev  0x00000000000002ac       0xee ../test2_bsp/\libhal_bsp.a(alt_main.o)
 .debug_abbrev  0x000000000000039a       0xd3 ../test2_bsp/\libhal_bsp.a(alt_putstr.o)
 .debug_abbrev  0x000000000000046d      0x107 ../test2_bsp/\libhal_bsp.a(alt_sys_init.o)
 .debug_abbrev  0x0000000000000574       0xd5 ../test2_bsp/\libhal_bsp.a(altera_avalon_jtag_uart_write.o)
 .debug_abbrev  0x0000000000000649       0x42 ../test2_bsp/\libhal_bsp.a(alt_dcache_flush_all.o)
 .debug_abbrev  0x000000000000068b       0x42 ../test2_bsp/\libhal_bsp.a(alt_icache_flush_all.o)
 .debug_abbrev  0x00000000000006cd       0x42 ../test2_bsp/\libhal_bsp.a(altera_nios2_gen2_irq.o)
 .debug_abbrev  0x000000000000070f       0x7f c:/intelfpga_lite/18.1/nios2eds/bin/gnu/h-x86_64-mingw32/bin/../lib/gcc/nios2-elf/5.3.0/../../../../../H-x86_64-mingw32/nios2-elf/lib/mno-hw-mul\libsmallc.a(lib_a-strlen.o)

.debug_line     0x0000000000000000      0x841
 *(.debug_line)
 .debug_line    0x0000000000000000       0x66 ../test2_bsp//obj/HAL/src/crt0.o
 .debug_line    0x0000000000000066      0x1a1 obj/default/hello_world_small.o
 .debug_line    0x0000000000000207       0xa4 ../test2_bsp/\libhal_bsp.a(alt_load.o)
 .debug_line    0x00000000000002ab       0xbd ../test2_bsp/\libhal_bsp.a(alt_main.o)
 .debug_line    0x0000000000000368       0xa0 ../test2_bsp/\libhal_bsp.a(alt_putstr.o)
 .debug_line    0x0000000000000408      0x101 ../test2_bsp/\libhal_bsp.a(alt_sys_init.o)
 .debug_line    0x0000000000000509       0xf0 ../test2_bsp/\libhal_bsp.a(altera_avalon_jtag_uart_write.o)
 .debug_line    0x00000000000005f9       0x4e ../test2_bsp/\libhal_bsp.a(alt_dcache_flush_all.o)
 .debug_line    0x0000000000000647       0x4e ../test2_bsp/\libhal_bsp.a(alt_icache_flush_all.o)
 .debug_line    0x0000000000000695       0x50 ../test2_bsp/\libhal_bsp.a(altera_nios2_gen2_irq.o)
 .debug_line    0x00000000000006e5      0x15c c:/intelfpga_lite/18.1/nios2eds/bin/gnu/h-x86_64-mingw32/bin/../lib/gcc/nios2-elf/5.3.0/../../../../../H-x86_64-mingw32/nios2-elf/lib/mno-hw-mul\libsmallc.a(lib_a-strlen.o)

.debug_frame    0x0000000000000000      0x1c0
 *(.debug_frame)
 .debug_frame   0x0000000000000000       0x58 obj/default/hello_world_small.o
 .debug_frame   0x0000000000000058       0x30 ../test2_bsp/\libhal_bsp.a(alt_load.o)
 .debug_frame   0x0000000000000088       0x2c ../test2_bsp/\libhal_bsp.a(alt_main.o)
 .debug_frame   0x00000000000000b4       0x30 ../test2_bsp/\libhal_bsp.a(alt_putstr.o)
 .debug_frame   0x00000000000000e4       0x3c ../test2_bsp/\libhal_bsp.a(alt_sys_init.o)
 .debug_frame   0x0000000000000120       0x20 ../test2_bsp/\libhal_bsp.a(altera_avalon_jtag_uart_write.o)
 .debug_frame   0x0000000000000140       0x20 ../test2_bsp/\libhal_bsp.a(alt_dcache_flush_all.o)
 .debug_frame   0x0000000000000160       0x20 ../test2_bsp/\libhal_bsp.a(alt_icache_flush_all.o)
 .debug_frame   0x0000000000000180       0x20 ../test2_bsp/\libhal_bsp.a(altera_nios2_gen2_irq.o)
 .debug_frame   0x00000000000001a0       0x20 c:/intelfpga_lite/18.1/nios2eds/bin/gnu/h-x86_64-mingw32/bin/../lib/gcc/nios2-elf/5.3.0/../../../../../H-x86_64-mingw32/nios2-elf/lib/mno-hw-mul\libsmallc.a(lib_a-strlen.o)

.debug_str      0x0000000000000000      0x638
 *(.debug_str)
 .debug_str     0x0000000000000000      0x1b9 obj/default/hello_world_small.o
                                        0x20d (size before relaxing)
 .debug_str     0x00000000000001b9      0x15a ../test2_bsp/\libhal_bsp.a(alt_load.o)
                                        0x241 (size before relaxing)
 .debug_str     0x0000000000000313       0x6b ../test2_bsp/\libhal_bsp.a(alt_main.o)
                                        0x1ba (size before relaxing)
 .debug_str     0x000000000000037e       0x64 ../test2_bsp/\libhal_bsp.a(alt_putstr.o)
                                        0x195 (size before relaxing)
 .debug_str     0x00000000000003e2       0x86 ../test2_bsp/\libhal_bsp.a(alt_sys_init.o)
                                        0x229 (size before relaxing)
 .debug_str     0x0000000000000468       0x38 ../test2_bsp/\libhal_bsp.a(altera_avalon_jtag_uart_write.o)
                                        0x21a (size before relaxing)
 .debug_str     0x00000000000004a0       0x1f ../test2_bsp/\libhal_bsp.a(alt_dcache_flush_all.o)
                                        0x15a (size before relaxing)
 .debug_str     0x00000000000004bf       0x1f ../test2_bsp/\libhal_bsp.a(alt_icache_flush_all.o)
                                        0x15a (size before relaxing)
 .debug_str     0x00000000000004de       0x20 ../test2_bsp/\libhal_bsp.a(altera_nios2_gen2_irq.o)
                                        0x161 (size before relaxing)
 .debug_str     0x00000000000004fe      0x13a c:/intelfpga_lite/18.1/nios2eds/bin/gnu/h-x86_64-mingw32/bin/../lib/gcc/nios2-elf/5.3.0/../../../../../H-x86_64-mingw32/nios2-elf/lib/mno-hw-mul\libsmallc.a(lib_a-strlen.o)
                                        0x1e5 (size before relaxing)

.debug_loc      0x0000000000000000      0x1a6
 *(.debug_loc)
 .debug_loc     0x0000000000000000       0xa5 obj/default/hello_world_small.o
 .debug_loc     0x00000000000000a5       0x37 ../test2_bsp/\libhal_bsp.a(alt_putstr.o)
 .debug_loc     0x00000000000000dc       0x21 ../test2_bsp/\libhal_bsp.a(alt_sys_init.o)
 .debug_loc     0x00000000000000fd       0x8b ../test2_bsp/\libhal_bsp.a(altera_avalon_jtag_uart_write.o)
 .debug_loc     0x0000000000000188       0x1e c:/intelfpga_lite/18.1/nios2eds/bin/gnu/h-x86_64-mingw32/bin/../lib/gcc/nios2-elf/5.3.0/../../../../../H-x86_64-mingw32/nios2-elf/lib/mno-hw-mul\libsmallc.a(lib_a-strlen.o)

.debug_macinfo
 *(.debug_macinfo)

.debug_weaknames
 *(.debug_weaknames)

.debug_funcnames
 *(.debug_funcnames)

.debug_typenames
 *(.debug_typenames)

.debug_varnames
 *(.debug_varnames)

.debug_alt_sim_info
                0x0000000000000000       0x10
 *(.debug_alt_sim_info)
 .debug_alt_sim_info
                0x0000000000000000       0x10 ../test2_bsp//obj/HAL/src/crt0.o
                0x0000000012000000                __alt_data_end = 0x12000000
                0x0000000012000000                PROVIDE (__alt_stack_pointer, __alt_data_end)
                [!provide]                        PROVIDE (__alt_stack_limit, __alt_stack_base)
                [!provide]                        PROVIDE (__alt_heap_start, end)
                [!provide]                        PROVIDE (__alt_heap_limit, 0x12000000)
OUTPUT(test2.elf elf32-littlenios2)

.debug_ranges   0x0000000000000000       0x90
 .debug_ranges  0x0000000000000000       0x20 ../test2_bsp//obj/HAL/src/crt0.o
 .debug_ranges  0x0000000000000020       0x18 obj/default/hello_world_small.o
 .debug_ranges  0x0000000000000038       0x48 ../test2_bsp/\libhal_bsp.a(alt_load.o)
 .debug_ranges  0x0000000000000080       0x10 c:/intelfpga_lite/18.1/nios2eds/bin/gnu/h-x86_64-mingw32/bin/../lib/gcc/nios2-elf/5.3.0/../../../../../H-x86_64-mingw32/nios2-elf/lib/mno-hw-mul\libsmallc.a(lib_a-strlen.o)
