Archive member included to satisfy reference by file (symbol)

../bsp_base/\libhal_bsp.a(alt_load.o)
                              ../bsp_base//obj/HAL/src/crt0.o (alt_load)
../bsp_base/\libhal_bsp.a(alt_main.o)
                              ../bsp_base//obj/HAL/src/crt0.o (alt_main)
../bsp_base/\libhal_bsp.a(alt_sys_init.o)
                              ../bsp_base/\libhal_bsp.a(alt_main.o) (alt_irq_init)
../bsp_base/\libhal_bsp.a(altera_avalon_jtag_uart_fd.o)
                              ../bsp_base/\libhal_bsp.a(alt_sys_init.o) (altera_avalon_jtag_uart_read_fd)
../bsp_base/\libhal_bsp.a(altera_avalon_jtag_uart_init.o)
                              ../bsp_base/\libhal_bsp.a(alt_sys_init.o) (altera_avalon_jtag_uart_init)
../bsp_base/\libhal_bsp.a(altera_avalon_jtag_uart_ioctl.o)
                              ../bsp_base/\libhal_bsp.a(altera_avalon_jtag_uart_fd.o) (altera_avalon_jtag_uart_ioctl)
../bsp_base/\libhal_bsp.a(altera_avalon_jtag_uart_read.o)
                              ../bsp_base/\libhal_bsp.a(altera_avalon_jtag_uart_fd.o) (altera_avalon_jtag_uart_read)
../bsp_base/\libhal_bsp.a(altera_avalon_jtag_uart_write.o)
                              ../bsp_base/\libhal_bsp.a(altera_avalon_jtag_uart_fd.o) (altera_avalon_jtag_uart_write)
../bsp_base/\libhal_bsp.a(alt_alarm_start.o)
                              ../bsp_base/\libhal_bsp.a(altera_avalon_jtag_uart_init.o) (alt_alarm_start)
../bsp_base/\libhal_bsp.a(alt_close.o)
                              ../bsp_base/\libhal_bsp.a(alt_main.o) (close)
../bsp_base/\libhal_bsp.a(alt_dcache_flush_all.o)
                              ../bsp_base/\libhal_bsp.a(alt_load.o) (alt_dcache_flush_all)
../bsp_base/\libhal_bsp.a(alt_dev.o)
                              ../bsp_base/\libhal_bsp.a(alt_sys_init.o) (alt_dev_list)
../bsp_base/\libhal_bsp.a(alt_dev_llist_insert.o)
                              ../bsp_base/\libhal_bsp.a(alt_sys_init.o) (alt_dev_llist_insert)
../bsp_base/\libhal_bsp.a(alt_do_ctors.o)
                              ../bsp_base/\libhal_bsp.a(alt_main.o) (_do_ctors)
../bsp_base/\libhal_bsp.a(alt_do_dtors.o)
                              ../bsp_base/\libhal_bsp.a(alt_main.o) (_do_dtors)
../bsp_base/\libhal_bsp.a(alt_errno.o)
                              ../bsp_base/\libhal_bsp.a(alt_close.o) (alt_errno)
../bsp_base/\libhal_bsp.a(alt_icache_flush_all.o)
                              ../bsp_base/\libhal_bsp.a(alt_load.o) (alt_icache_flush_all)
../bsp_base/\libhal_bsp.a(alt_iic.o)
                              ../bsp_base/\libhal_bsp.a(altera_avalon_jtag_uart_init.o) (alt_ic_isr_register)
../bsp_base/\libhal_bsp.a(alt_iic_isr_register.o)
                              ../bsp_base/\libhal_bsp.a(alt_iic.o) (alt_iic_isr_register)
../bsp_base/\libhal_bsp.a(alt_io_redirect.o)
                              ../bsp_base/\libhal_bsp.a(alt_main.o) (alt_io_redirect)
../bsp_base/\libhal_bsp.a(alt_irq_entry.o)
                              ../bsp_base/\libhal_bsp.a(alt_iic_isr_register.o) (alt_irq_entry)
../bsp_base/\libhal_bsp.a(alt_irq_handler.o)
                              ../bsp_base/\libhal_bsp.a(alt_iic_isr_register.o) (alt_irq)
../bsp_base/\libhal_bsp.a(alt_irq_vars.o)
                              ../bsp_base/\libhal_bsp.a(alt_iic.o) (alt_irq_active)
../bsp_base/\libhal_bsp.a(alt_open.o)
                              ../bsp_base/\libhal_bsp.a(alt_io_redirect.o) (open)
../bsp_base/\libhal_bsp.a(alt_release_fd.o)
                              ../bsp_base/\libhal_bsp.a(alt_close.o) (alt_release_fd)
../bsp_base/\libhal_bsp.a(alt_tick.o)
                              ../bsp_base/\libhal_bsp.a(altera_avalon_jtag_uart_init.o) (_alt_tick_rate)
../bsp_base/\libhal_bsp.a(altera_nios2_gen2_irq.o)
                              ../bsp_base/\libhal_bsp.a(alt_sys_init.o) (altera_nios2_gen2_irq_init)
../bsp_base/\libhal_bsp.a(alt_exception_entry.o)
                              ../bsp_base/\libhal_bsp.a(alt_irq_entry.o) (alt_exception)
../bsp_base/\libhal_bsp.a(alt_find_dev.o)
                              ../bsp_base/\libhal_bsp.a(alt_open.o) (alt_find_dev)
../bsp_base/\libhal_bsp.a(alt_find_file.o)
                              ../bsp_base/\libhal_bsp.a(alt_open.o) (alt_find_file)
../bsp_base/\libhal_bsp.a(alt_get_fd.o)
                              ../bsp_base/\libhal_bsp.a(alt_open.o) (alt_get_fd)
../bsp_base/\libhal_bsp.a(alt_instruction_exception_entry.o)
                              ../bsp_base/\libhal_bsp.a(alt_exception_entry.o) (alt_instruction_exception_entry)
c:/intelfpga_lite/18.1/nios2eds/bin/gnu/h-x86_64-mingw32/bin/../lib/gcc/nios2-elf/5.3.0/../../../../../H-x86_64-mingw32/nios2-elf/lib/mno-hw-mul\libc.a(lib_a-atexit.o)
                              ../bsp_base/\libhal_bsp.a(alt_main.o) (atexit)
c:/intelfpga_lite/18.1/nios2eds/bin/gnu/h-x86_64-mingw32/bin/../lib/gcc/nios2-elf/5.3.0/../../../../../H-x86_64-mingw32/nios2-elf/lib/mno-hw-mul\libc.a(lib_a-exit.o)
                              ../bsp_base/\libhal_bsp.a(alt_main.o) (exit)
c:/intelfpga_lite/18.1/nios2eds/bin/gnu/h-x86_64-mingw32/bin/../lib/gcc/nios2-elf/5.3.0/../../../../../H-x86_64-mingw32/nios2-elf/lib/mno-hw-mul\libc.a(lib_a-impure.o)
                              c:/intelfpga_lite/18.1/nios2eds/bin/gnu/h-x86_64-mingw32/bin/../lib/gcc/nios2-elf/5.3.0/../../../../../H-x86_64-mingw32/nios2-elf/lib/mno-hw-mul\libc.a(lib_a-exit.o) (_global_impure_ptr)
c:/intelfpga_lite/18.1/nios2eds/bin/gnu/h-x86_64-mingw32/bin/../lib/gcc/nios2-elf/5.3.0/../../../../../H-x86_64-mingw32/nios2-elf/lib/mno-hw-mul\libc.a(lib_a-int_errno.o)
                              ../bsp_base/\libhal_bsp.a(alt_close.o) (errno)
c:/intelfpga_lite/18.1/nios2eds/bin/gnu/h-x86_64-mingw32/bin/../lib/gcc/nios2-elf/5.3.0/../../../../../H-x86_64-mingw32/nios2-elf/lib/mno-hw-mul\libc.a(lib_a-memcmp.o)
                              ../bsp_base/\libhal_bsp.a(alt_find_dev.o) (memcmp)
c:/intelfpga_lite/18.1/nios2eds/bin/gnu/h-x86_64-mingw32/bin/../lib/gcc/nios2-elf/5.3.0/../../../../../H-x86_64-mingw32/nios2-elf/lib/mno-hw-mul\libc.a(lib_a-memcpy.o)
                              ../bsp_base/\libhal_bsp.a(altera_avalon_jtag_uart_read.o) (memcpy)
c:/intelfpga_lite/18.1/nios2eds/bin/gnu/h-x86_64-mingw32/bin/../lib/gcc/nios2-elf/5.3.0/../../../../../H-x86_64-mingw32/nios2-elf/lib/mno-hw-mul\libc.a(lib_a-strlen.o)
                              ../bsp_base/\libhal_bsp.a(alt_find_dev.o) (strlen)
c:/intelfpga_lite/18.1/nios2eds/bin/gnu/h-x86_64-mingw32/bin/../lib/gcc/nios2-elf/5.3.0/../../../../../H-x86_64-mingw32/nios2-elf/lib/mno-hw-mul\libc.a(lib_a-__atexit.o)
                              c:/intelfpga_lite/18.1/nios2eds/bin/gnu/h-x86_64-mingw32/bin/../lib/gcc/nios2-elf/5.3.0/../../../../../H-x86_64-mingw32/nios2-elf/lib/mno-hw-mul\libc.a(lib_a-atexit.o) (__register_exitproc)
c:/intelfpga_lite/18.1/nios2eds/bin/gnu/h-x86_64-mingw32/bin/../lib/gcc/nios2-elf/5.3.0/../../../../../H-x86_64-mingw32/nios2-elf/lib/mno-hw-mul\libc.a(lib_a-__call_atexit.o)
                              c:/intelfpga_lite/18.1/nios2eds/bin/gnu/h-x86_64-mingw32/bin/../lib/gcc/nios2-elf/5.3.0/../../../../../H-x86_64-mingw32/nios2-elf/lib/mno-hw-mul\libc.a(lib_a-exit.o) (__call_exitprocs)
c:/intelfpga_lite/18.1/nios2eds/bin/gnu/h-x86_64-mingw32/bin/../lib/gcc/nios2-elf/5.3.0/mno-hw-mul\libgcc.a(lib2-mul.o)
                              ../bsp_base/\libhal_bsp.a(alt_close.o) (__mulsi3)
../bsp_base/\libhal_bsp.a(alt_exit.o)
                              c:/intelfpga_lite/18.1/nios2eds/bin/gnu/h-x86_64-mingw32/bin/../lib/gcc/nios2-elf/5.3.0/../../../../../H-x86_64-mingw32/nios2-elf/lib/mno-hw-mul\libc.a(lib_a-exit.o) (_exit)

Allocating common symbols
Common symbol       size              file

alt_irq             0x100             ../bsp_base/\libhal_bsp.a(alt_irq_handler.o)
errno               0x4               c:/intelfpga_lite/18.1/nios2eds/bin/gnu/h-x86_64-mingw32/bin/../lib/gcc/nios2-elf/5.3.0/../../../../../H-x86_64-mingw32/nios2-elf/lib/mno-hw-mul\libc.a(lib_a-int_errno.o)

Memory Configuration

Name             Origin             Length             Attributes
reset            0x0000000000000000 0x0000000000000020
onchip_memory    0x0000000000000020 0x0000000000003a78
sdram_controller 0x0000000004000000 0x0000000002000000
intel_generic_serial_flash_interface_top_0_avl_mem 0x0000000010000000 0x0000000010000000
*default*        0x0000000000000000 0xffffffffffffffff

Linker script and memory map

LOAD ../bsp_base//obj/HAL/src/crt0.o
LOAD c:/intelfpga_lite/18.1/nios2eds/bin/gnu/h-x86_64-mingw32/bin/../lib/gcc/nios2-elf/5.3.0/../../../../../H-x86_64-mingw32/nios2-elf/lib/mno-hw-mul\libstdc++.a
LOAD c:/intelfpga_lite/18.1/nios2eds/bin/gnu/h-x86_64-mingw32/bin/../lib/gcc/nios2-elf/5.3.0/../../../../../H-x86_64-mingw32/nios2-elf/lib/mno-hw-mul\libm.a
LOAD c:/intelfpga_lite/18.1/nios2eds/bin/gnu/h-x86_64-mingw32/bin/../lib/gcc/nios2-elf/5.3.0/mno-hw-mul\libgcc.a
START GROUP
LOAD c:/intelfpga_lite/18.1/nios2eds/bin/gnu/h-x86_64-mingw32/bin/../lib/gcc/nios2-elf/5.3.0/../../../../../H-x86_64-mingw32/nios2-elf/lib/mno-hw-mul\libc.a
LOAD c:/intelfpga_lite/18.1/nios2eds/bin/gnu/h-x86_64-mingw32/bin/../lib/gcc/nios2-elf/5.3.0/mno-hw-mul\libgcc.a
LOAD ../bsp_base/\libhal_bsp.a
LOAD c:/intelfpga_lite/18.1/nios2eds/bin/gnu/h-x86_64-mingw32/bin/../lib/gcc/nios2-elf/5.3.0/../../../../../H-x86_64-mingw32/nios2-elf/lib/mno-hw-mul\libm.a
END GROUP
LOAD c:/intelfpga_lite/18.1/nios2eds/bin/gnu/h-x86_64-mingw32/bin/../lib/gcc/nios2-elf/5.3.0/mno-hw-mul\libgcc.a
                0x0000000000000000                __alt_mem_onchip_memory = 0x0
                0x0000000004000000                __alt_mem_sdram_controller = 0x4000000
                0x0000000010000000                __alt_mem_intel_generic_serial_flash_interface_top_0_avl_mem = 0x10000000

.entry          0x0000000000000000       0x20
 *(.entry)
 .entry         0x0000000000000000       0x20 ../bsp_base//obj/HAL/src/crt0.o
                0x0000000000000000                __reset

.exceptions     0x0000000000000020      0x210
                0x0000000000000020                PROVIDE (__ram_exceptions_start, ABSOLUTE (.))
                0x0000000000000020                . = ALIGN (0x20)
 *(.irq)
 *(.exceptions.entry.label)
 .exceptions.entry.label
                0x0000000000000020        0x0 ../bsp_base/\libhal_bsp.a(alt_irq_entry.o)
                0x0000000000000020                alt_irq_entry
 .exceptions.entry.label
                0x0000000000000020        0x0 ../bsp_base/\libhal_bsp.a(alt_exception_entry.o)
                0x0000000000000020                alt_exception
 *(.exceptions.entry.user)
 *(.exceptions.entry.ecc_fatal)
 *(.exceptions.entry)
 .exceptions.entry
                0x0000000000000020       0x54 ../bsp_base/\libhal_bsp.a(alt_exception_entry.o)
 *(.exceptions.irqtest.user)
 *(.exceptions.irqtest)
 .exceptions.irqtest
                0x0000000000000074       0x10 ../bsp_base/\libhal_bsp.a(alt_irq_entry.o)
 *(.exceptions.irqhandler.user)
 *(.exceptions.irqhandler)
 .exceptions.irqhandler
                0x0000000000000084        0x4 ../bsp_base/\libhal_bsp.a(alt_irq_entry.o)
 *(.exceptions.irqreturn.user)
 *(.exceptions.irqreturn)
 .exceptions.irqreturn
                0x0000000000000088        0x4 ../bsp_base/\libhal_bsp.a(alt_irq_entry.o)
 *(.exceptions.notirq.label)
 .exceptions.notirq.label
                0x000000000000008c        0x0 ../bsp_base/\libhal_bsp.a(alt_irq_entry.o)
 *(.exceptions.notirq.user)
 *(.exceptions.notirq)
 .exceptions.notirq
                0x000000000000008c        0x8 ../bsp_base/\libhal_bsp.a(alt_exception_entry.o)
 *(.exceptions.soft.user)
 *(.exceptions.soft)
 *(.exceptions.unknown.user)
 *(.exceptions.unknown)
 .exceptions.unknown
                0x0000000000000094       0x14 ../bsp_base/\libhal_bsp.a(alt_exception_entry.o)
 *(.exceptions.exit.label)
 .exceptions.exit.label
                0x00000000000000a8        0x0 ../bsp_base/\libhal_bsp.a(alt_irq_entry.o)
 .exceptions.exit.label
                0x00000000000000a8        0x0 ../bsp_base/\libhal_bsp.a(alt_exception_entry.o)
 *(.exceptions.exit.user)
 *(.exceptions.exit)
 .exceptions.exit
                0x00000000000000a8       0x54 ../bsp_base/\libhal_bsp.a(alt_exception_entry.o)
 *(.exceptions)
 .exceptions    0x00000000000000fc       0xd4 ../bsp_base/\libhal_bsp.a(alt_irq_handler.o)
                0x00000000000000fc                alt_irq_handler
 .exceptions    0x00000000000001d0       0x60 ../bsp_base/\libhal_bsp.a(alt_instruction_exception_entry.o)
                0x00000000000001d0                alt_instruction_exception_entry
                0x0000000000000230                PROVIDE (__ram_exceptions_end, ABSOLUTE (.))
                0x0000000000000020                PROVIDE (__flash_exceptions_start, LOADADDR (.exceptions))

.text           0x0000000000000230     0x2274
                [!provide]                        PROVIDE (stext, ABSOLUTE (.))
 *(.interp)
 *(.hash)
 *(.dynsym)
 *(.dynstr)
 *(.gnu.version)
 *(.gnu.version_d)
 *(.gnu.version_r)
 *(.rel.init)
 *(.rela.init)
 *(.rel.text .rel.text.* .rel.gnu.linkonce.t.*)
 *(.rela.text .rela.text.* .rela.gnu.linkonce.t.*)
 *(.rel.fini)
 *(.rela.fini)
 *(.rel.rodata .rel.rodata.* .rel.gnu.linkonce.r.*)
 *(.rela.rodata .rela.rodata.* .rela.gnu.linkonce.r.*)
 *(.rel.data .rel.data.* .rel.gnu.linkonce.d.*)
 *(.rela.data .rela.data.* .rela.gnu.linkonce.d.*)
 *(.rel.tdata .rel.tdata.* .rel.gnu.linkonce.td.*)
 *(.rela.tdata .rela.tdata.* .rela.gnu.linkonce.td.*)
 *(.rel.tbss .rel.tbss.* .rel.gnu.linkonce.tb.*)
 *(.rela.tbss .rela.tbss.* .rela.gnu.linkonce.tb.*)
 *(.rel.ctors)
 *(.rela.ctors)
 *(.rel.dtors)
 *(.rela.dtors)
 *(.rel.got)
 *(.rela.got)
 *(.rel.sdata .rel.sdata.* .rel.gnu.linkonce.s.*)
 *(.rela.sdata .rela.sdata.* .rela.gnu.linkonce.s.*)
 *(.rel.sbss .rel.sbss.* .rel.gnu.linkonce.sb.*)
 *(.rela.sbss .rela.sbss.* .rela.gnu.linkonce.sb.*)
 *(.rel.sdata2 .rel.sdata2.* .rel.gnu.linkonce.s2.*)
 *(.rela.sdata2 .rela.sdata2.* .rela.gnu.linkonce.s2.*)
 *(.rel.sbss2 .rel.sbss2.* .rel.gnu.linkonce.sb2.*)
 *(.rela.sbss2 .rela.sbss2.* .rela.gnu.linkonce.sb2.*)
 *(.rel.bss .rel.bss.* .rel.gnu.linkonce.b.*)
 *(.rela.bss .rela.bss.* .rela.gnu.linkonce.b.*)
 *(.rel.plt)
 *(.rela.plt)
 *(.rel.dyn)
 *(.init)
 *(.plt)
 *(.text .stub .text.* .gnu.linkonce.t.*)
 .text          0x0000000000000230       0x3c ../bsp_base//obj/HAL/src/crt0.o
                0x0000000000000230                _start
 .text          0x000000000000026c       0xec ../bsp_base/\libhal_bsp.a(alt_load.o)
                0x00000000000002d4                alt_load
 .text          0x0000000000000358       0x7c ../bsp_base/\libhal_bsp.a(alt_main.o)
                0x0000000000000358                alt_main
 .text          0x00000000000003d4       0xb8 ../bsp_base/\libhal_bsp.a(alt_sys_init.o)
                0x0000000000000408                alt_irq_init
                0x0000000000000440                alt_sys_init
 .text          0x000000000000048c      0x164 ../bsp_base/\libhal_bsp.a(altera_avalon_jtag_uart_fd.o)
                0x000000000000048c                altera_avalon_jtag_uart_read_fd
                0x00000000000004ec                altera_avalon_jtag_uart_write_fd
                0x000000000000054c                altera_avalon_jtag_uart_close_fd
                0x000000000000059c                altera_avalon_jtag_uart_ioctl_fd
 .text          0x00000000000005f0      0x3d4 ../bsp_base/\libhal_bsp.a(altera_avalon_jtag_uart_init.o)
                0x00000000000005f0                altera_avalon_jtag_uart_init
                0x000000000000095c                altera_avalon_jtag_uart_close
 .text          0x00000000000009c4       0xf0 ../bsp_base/\libhal_bsp.a(altera_avalon_jtag_uart_ioctl.o)
                0x00000000000009c4                altera_avalon_jtag_uart_ioctl
 .text          0x0000000000000ab4      0x21c ../bsp_base/\libhal_bsp.a(altera_avalon_jtag_uart_read.o)
                0x0000000000000ab4                altera_avalon_jtag_uart_read
 .text          0x0000000000000cd0      0x224 ../bsp_base/\libhal_bsp.a(altera_avalon_jtag_uart_write.o)
                0x0000000000000cd0                altera_avalon_jtag_uart_write
 .text          0x0000000000000ef4      0x12c ../bsp_base/\libhal_bsp.a(alt_alarm_start.o)
                0x0000000000000ef4                alt_alarm_start
 .text          0x0000000000001020      0x114 ../bsp_base/\libhal_bsp.a(alt_close.o)
                0x000000000000105c                close
 .text          0x0000000000001134       0x20 ../bsp_base/\libhal_bsp.a(alt_dcache_flush_all.o)
                0x0000000000001134                alt_dcache_flush_all
 .text          0x0000000000001154       0x2c ../bsp_base/\libhal_bsp.a(alt_dev.o)
 .text          0x0000000000001180       0xe0 ../bsp_base/\libhal_bsp.a(alt_dev_llist_insert.o)
                0x00000000000011bc                alt_dev_llist_insert
 .text          0x0000000000001260       0x60 ../bsp_base/\libhal_bsp.a(alt_do_ctors.o)
                0x0000000000001260                _do_ctors
 .text          0x00000000000012c0       0x60 ../bsp_base/\libhal_bsp.a(alt_do_dtors.o)
                0x00000000000012c0                _do_dtors
 .text          0x0000000000001320        0x0 ../bsp_base/\libhal_bsp.a(alt_errno.o)
 .text          0x0000000000001320       0x20 ../bsp_base/\libhal_bsp.a(alt_icache_flush_all.o)
                0x0000000000001320                alt_icache_flush_all
 .text          0x0000000000001340      0x1b0 ../bsp_base/\libhal_bsp.a(alt_iic.o)
                0x0000000000001340                alt_ic_isr_register
                0x0000000000001390                alt_ic_irq_enable
                0x0000000000001418                alt_ic_irq_disable
                0x00000000000014a4                alt_ic_irq_enabled
 .text          0x00000000000014f0       0xf0 ../bsp_base/\libhal_bsp.a(alt_iic_isr_register.o)
                0x00000000000014f0                alt_iic_isr_register
 .text          0x00000000000015e0      0x160 ../bsp_base/\libhal_bsp.a(alt_io_redirect.o)
                0x00000000000016c4                alt_io_redirect
 .text          0x0000000000001740        0x0 ../bsp_base/\libhal_bsp.a(alt_irq_entry.o)
 .text          0x0000000000001740        0x0 ../bsp_base/\libhal_bsp.a(alt_irq_handler.o)
 .text          0x0000000000001740        0x0 ../bsp_base/\libhal_bsp.a(alt_irq_vars.o)
 .text          0x0000000000001740      0x284 ../bsp_base/\libhal_bsp.a(alt_open.o)
                0x0000000000001868                open
 .text          0x00000000000019c4       0x84 ../bsp_base/\libhal_bsp.a(alt_release_fd.o)
                0x00000000000019c4                alt_release_fd
 .text          0x0000000000001a48      0x1a4 ../bsp_base/\libhal_bsp.a(alt_tick.o)
                0x0000000000001a48                alt_alarm_stop
                0x0000000000001ae4                alt_tick
 .text          0x0000000000001bec       0x24 ../bsp_base/\libhal_bsp.a(altera_nios2_gen2_irq.o)
                0x0000000000001bec                altera_nios2_gen2_irq_init
 .text          0x0000000000001c10        0x0 ../bsp_base/\libhal_bsp.a(alt_exception_entry.o)
 .text          0x0000000000001c10       0x90 ../bsp_base/\libhal_bsp.a(alt_find_dev.o)
                0x0000000000001c10                alt_find_dev
 .text          0x0000000000001ca0      0x108 ../bsp_base/\libhal_bsp.a(alt_find_file.o)
                0x0000000000001ca0                alt_find_file
 .text          0x0000000000001da8       0xc4 ../bsp_base/\libhal_bsp.a(alt_get_fd.o)
                0x0000000000001da8                alt_get_fd
 .text          0x0000000000001e6c       0x9c ../bsp_base/\libhal_bsp.a(alt_instruction_exception_entry.o)
                0x0000000000001e6c                alt_exception_cause_generated_bad_addr
 .text          0x0000000000001f08        0x0 c:/intelfpga_lite/18.1/nios2eds/bin/gnu/h-x86_64-mingw32/bin/../lib/gcc/nios2-elf/5.3.0/../../../../../H-x86_64-mingw32/nios2-elf/lib/mno-hw-mul\libc.a(lib_a-atexit.o)
 .text.atexit   0x0000000000001f08       0x14 c:/intelfpga_lite/18.1/nios2eds/bin/gnu/h-x86_64-mingw32/bin/../lib/gcc/nios2-elf/5.3.0/../../../../../H-x86_64-mingw32/nios2-elf/lib/mno-hw-mul\libc.a(lib_a-atexit.o)
                0x0000000000001f08                atexit
 .text          0x0000000000001f1c        0x0 c:/intelfpga_lite/18.1/nios2eds/bin/gnu/h-x86_64-mingw32/bin/../lib/gcc/nios2-elf/5.3.0/../../../../../H-x86_64-mingw32/nios2-elf/lib/mno-hw-mul\libc.a(lib_a-exit.o)
 .text.exit     0x0000000000001f1c       0x38 c:/intelfpga_lite/18.1/nios2eds/bin/gnu/h-x86_64-mingw32/bin/../lib/gcc/nios2-elf/5.3.0/../../../../../H-x86_64-mingw32/nios2-elf/lib/mno-hw-mul\libc.a(lib_a-exit.o)
                0x0000000000001f1c                exit
 .text          0x0000000000001f54        0x0 c:/intelfpga_lite/18.1/nios2eds/bin/gnu/h-x86_64-mingw32/bin/../lib/gcc/nios2-elf/5.3.0/../../../../../H-x86_64-mingw32/nios2-elf/lib/mno-hw-mul\libc.a(lib_a-impure.o)
 .text          0x0000000000001f54        0x0 c:/intelfpga_lite/18.1/nios2eds/bin/gnu/h-x86_64-mingw32/bin/../lib/gcc/nios2-elf/5.3.0/../../../../../H-x86_64-mingw32/nios2-elf/lib/mno-hw-mul\libc.a(lib_a-int_errno.o)
 .text          0x0000000000001f54        0x0 c:/intelfpga_lite/18.1/nios2eds/bin/gnu/h-x86_64-mingw32/bin/../lib/gcc/nios2-elf/5.3.0/../../../../../H-x86_64-mingw32/nios2-elf/lib/mno-hw-mul\libc.a(lib_a-memcmp.o)
 .text.memcmp   0x0000000000001f54       0x7c c:/intelfpga_lite/18.1/nios2eds/bin/gnu/h-x86_64-mingw32/bin/../lib/gcc/nios2-elf/5.3.0/../../../../../H-x86_64-mingw32/nios2-elf/lib/mno-hw-mul\libc.a(lib_a-memcmp.o)
                0x0000000000001f54                memcmp
 .text          0x0000000000001fd0        0x0 c:/intelfpga_lite/18.1/nios2eds/bin/gnu/h-x86_64-mingw32/bin/../lib/gcc/nios2-elf/5.3.0/../../../../../H-x86_64-mingw32/nios2-elf/lib/mno-hw-mul\libc.a(lib_a-memcpy.o)
 .text.memcpy   0x0000000000001fd0      0x148 c:/intelfpga_lite/18.1/nios2eds/bin/gnu/h-x86_64-mingw32/bin/../lib/gcc/nios2-elf/5.3.0/../../../../../H-x86_64-mingw32/nios2-elf/lib/mno-hw-mul\libc.a(lib_a-memcpy.o)
                0x0000000000001fd0                memcpy
 .text          0x0000000000002118        0x0 c:/intelfpga_lite/18.1/nios2eds/bin/gnu/h-x86_64-mingw32/bin/../lib/gcc/nios2-elf/5.3.0/../../../../../H-x86_64-mingw32/nios2-elf/lib/mno-hw-mul\libc.a(lib_a-strlen.o)
 .text.strlen   0x0000000000002118       0x98 c:/intelfpga_lite/18.1/nios2eds/bin/gnu/h-x86_64-mingw32/bin/../lib/gcc/nios2-elf/5.3.0/../../../../../H-x86_64-mingw32/nios2-elf/lib/mno-hw-mul\libc.a(lib_a-strlen.o)
                0x0000000000002118                strlen
 .text          0x00000000000021b0        0x0 c:/intelfpga_lite/18.1/nios2eds/bin/gnu/h-x86_64-mingw32/bin/../lib/gcc/nios2-elf/5.3.0/../../../../../H-x86_64-mingw32/nios2-elf/lib/mno-hw-mul\libc.a(lib_a-__atexit.o)
 .text.__register_exitproc
                0x00000000000021b0      0x118 c:/intelfpga_lite/18.1/nios2eds/bin/gnu/h-x86_64-mingw32/bin/../lib/gcc/nios2-elf/5.3.0/../../../../../H-x86_64-mingw32/nios2-elf/lib/mno-hw-mul\libc.a(lib_a-__atexit.o)
                0x00000000000021b0                __register_exitproc
 .text          0x00000000000022c8        0x0 c:/intelfpga_lite/18.1/nios2eds/bin/gnu/h-x86_64-mingw32/bin/../lib/gcc/nios2-elf/5.3.0/../../../../../H-x86_64-mingw32/nios2-elf/lib/mno-hw-mul\libc.a(lib_a-__call_atexit.o)
 .text.__call_exitprocs
                0x00000000000022c8      0x180 c:/intelfpga_lite/18.1/nios2eds/bin/gnu/h-x86_64-mingw32/bin/../lib/gcc/nios2-elf/5.3.0/../../../../../H-x86_64-mingw32/nios2-elf/lib/mno-hw-mul\libc.a(lib_a-__call_atexit.o)
                0x00000000000022c8                __call_exitprocs
 .text          0x0000000000002448       0x28 c:/intelfpga_lite/18.1/nios2eds/bin/gnu/h-x86_64-mingw32/bin/../lib/gcc/nios2-elf/5.3.0/mno-hw-mul\libgcc.a(lib2-mul.o)
                0x0000000000002448                __mulsi3
 .text          0x0000000000002470       0x34 ../bsp_base/\libhal_bsp.a(alt_exit.o)
                0x0000000000002470                _exit
 *(.gnu.warning.*)
 *(.fini)
                [!provide]                        PROVIDE (__etext, ABSOLUTE (.))
                [!provide]                        PROVIDE (_etext, ABSOLUTE (.))
                [!provide]                        PROVIDE (etext, ABSOLUTE (.))
 *(.eh_frame_hdr)
                0x00000000000024a4                . = ALIGN (0x4)
                [!provide]                        PROVIDE (__preinit_array_start, ABSOLUTE (.))
 *(.preinit_array)
                [!provide]                        PROVIDE (__preinit_array_end, ABSOLUTE (.))
                [!provide]                        PROVIDE (__init_array_start, ABSOLUTE (.))
 *(.init_array)
                [!provide]                        PROVIDE (__init_array_end, ABSOLUTE (.))
                [!provide]                        PROVIDE (__fini_array_start, ABSOLUTE (.))
 *(.fini_array)
                [!provide]                        PROVIDE (__fini_array_end, ABSOLUTE (.))
 *(.eh_frame)
 *(.gcc_except_table .gcc_except_table.*)
 *(.dynamic)
                0x00000000000024a4                PROVIDE (__CTOR_LIST__, ABSOLUTE (.))
 *(.ctors)
 *(SORT(.ctors.*))
                0x00000000000024a4                PROVIDE (__CTOR_END__, ABSOLUTE (.))
                0x00000000000024a4                PROVIDE (__DTOR_LIST__, ABSOLUTE (.))
 *(.dtors)
 *(SORT(.dtors.*))
                0x00000000000024a4                PROVIDE (__DTOR_END__, ABSOLUTE (.))
 *(.jcr)
                0x00000000000024a4                . = ALIGN (0x4)

.rodata         0x0000000004000000       0x30 load address 0x00000000000024a4
                0x0000000004000000                PROVIDE (__ram_rodata_start, ABSOLUTE (.))
                0x0000000004000000                . = ALIGN (0x4)
 *(.rodata .rodata.* .gnu.linkonce.r.*)
 .rodata        0x0000000004000000        0xf ../bsp_base/\libhal_bsp.a(alt_main.o)
 *fill*         0x000000000400000f        0x1 
 .rodata        0x0000000004000010        0xf ../bsp_base/\libhal_bsp.a(alt_sys_init.o)
 *fill*         0x000000000400001f        0x1 
 .rodata        0x0000000004000020        0xa ../bsp_base/\libhal_bsp.a(alt_dev.o)
 *fill*         0x000000000400002a        0x2 
 .rodata.str1.4
                0x000000000400002c        0x4 c:/intelfpga_lite/18.1/nios2eds/bin/gnu/h-x86_64-mingw32/bin/../lib/gcc/nios2-elf/5.3.0/../../../../../H-x86_64-mingw32/nios2-elf/lib/mno-hw-mul\libc.a(lib_a-impure.o)
                                          0x2 (size before relaxing)
 *(.rodata1)
                0x0000000004000030                . = ALIGN (0x4)
                0x0000000004000030                PROVIDE (__ram_rodata_end, ABSOLUTE (.))
                0x00000000000024a4                PROVIDE (__flash_rodata_start, LOADADDR (.rodata))

.rwdata         0x0000000004000030     0x1658 load address 0x00000000000024d4
                0x0000000004000030                PROVIDE (__ram_rwdata_start, ABSOLUTE (.))
                0x0000000004000030                . = ALIGN (0x4)
 *(.got.plt)
 *(.got)
 *(.data1)
 *(.data .data.* .gnu.linkonce.d.*)
 .data          0x0000000004000030        0x0 ../bsp_base//obj/HAL/src/crt0.o
 .data          0x0000000004000030        0x0 ../bsp_base/\libhal_bsp.a(alt_load.o)
 .data          0x0000000004000030        0x0 ../bsp_base/\libhal_bsp.a(alt_main.o)
 .data          0x0000000004000030     0x1060 ../bsp_base/\libhal_bsp.a(alt_sys_init.o)
 .data          0x0000000004001090        0x0 ../bsp_base/\libhal_bsp.a(altera_avalon_jtag_uart_fd.o)
 .data          0x0000000004001090        0x0 ../bsp_base/\libhal_bsp.a(altera_avalon_jtag_uart_init.o)
 .data          0x0000000004001090        0x0 ../bsp_base/\libhal_bsp.a(altera_avalon_jtag_uart_ioctl.o)
 .data          0x0000000004001090        0x0 ../bsp_base/\libhal_bsp.a(altera_avalon_jtag_uart_read.o)
 .data          0x0000000004001090        0x0 ../bsp_base/\libhal_bsp.a(altera_avalon_jtag_uart_write.o)
 .data          0x0000000004001090        0x0 ../bsp_base/\libhal_bsp.a(alt_alarm_start.o)
 .data          0x0000000004001090        0x0 ../bsp_base/\libhal_bsp.a(alt_close.o)
 .data          0x0000000004001090        0x0 ../bsp_base/\libhal_bsp.a(alt_dcache_flush_all.o)
 .data          0x0000000004001090      0x1a8 ../bsp_base/\libhal_bsp.a(alt_dev.o)
                0x0000000004001090                alt_dev_null
                0x00000000040010b8                alt_fd_list
 .data          0x0000000004001238        0x0 ../bsp_base/\libhal_bsp.a(alt_dev_llist_insert.o)
 .data          0x0000000004001238        0x0 ../bsp_base/\libhal_bsp.a(alt_do_ctors.o)
 .data          0x0000000004001238        0x0 ../bsp_base/\libhal_bsp.a(alt_do_dtors.o)
 .data          0x0000000004001238        0x0 ../bsp_base/\libhal_bsp.a(alt_errno.o)
 .data          0x0000000004001238        0x0 ../bsp_base/\libhal_bsp.a(alt_icache_flush_all.o)
 .data          0x0000000004001238        0x0 ../bsp_base/\libhal_bsp.a(alt_iic.o)
 .data          0x0000000004001238        0x0 ../bsp_base/\libhal_bsp.a(alt_iic_isr_register.o)
 .data          0x0000000004001238        0x0 ../bsp_base/\libhal_bsp.a(alt_io_redirect.o)
 .data          0x0000000004001238        0x0 ../bsp_base/\libhal_bsp.a(alt_irq_entry.o)
 .data          0x0000000004001238        0x0 ../bsp_base/\libhal_bsp.a(alt_irq_handler.o)
 .data          0x0000000004001238        0x0 ../bsp_base/\libhal_bsp.a(alt_irq_vars.o)
 .data          0x0000000004001238        0x0 ../bsp_base/\libhal_bsp.a(alt_open.o)
 .data          0x0000000004001238        0x0 ../bsp_base/\libhal_bsp.a(alt_release_fd.o)
 .data          0x0000000004001238        0x0 ../bsp_base/\libhal_bsp.a(alt_tick.o)
 .data          0x0000000004001238        0x0 ../bsp_base/\libhal_bsp.a(altera_nios2_gen2_irq.o)
 .data          0x0000000004001238        0x0 ../bsp_base/\libhal_bsp.a(alt_exception_entry.o)
 .data          0x0000000004001238        0x0 ../bsp_base/\libhal_bsp.a(alt_find_dev.o)
 .data          0x0000000004001238        0x0 ../bsp_base/\libhal_bsp.a(alt_find_file.o)
 .data          0x0000000004001238        0x0 ../bsp_base/\libhal_bsp.a(alt_get_fd.o)
 .data          0x0000000004001238        0x0 ../bsp_base/\libhal_bsp.a(alt_instruction_exception_entry.o)
 .data          0x0000000004001238        0x0 c:/intelfpga_lite/18.1/nios2eds/bin/gnu/h-x86_64-mingw32/bin/../lib/gcc/nios2-elf/5.3.0/../../../../../H-x86_64-mingw32/nios2-elf/lib/mno-hw-mul\libc.a(lib_a-atexit.o)
 .data          0x0000000004001238        0x0 c:/intelfpga_lite/18.1/nios2eds/bin/gnu/h-x86_64-mingw32/bin/../lib/gcc/nios2-elf/5.3.0/../../../../../H-x86_64-mingw32/nios2-elf/lib/mno-hw-mul\libc.a(lib_a-exit.o)
 .data          0x0000000004001238        0x0 c:/intelfpga_lite/18.1/nios2eds/bin/gnu/h-x86_64-mingw32/bin/../lib/gcc/nios2-elf/5.3.0/../../../../../H-x86_64-mingw32/nios2-elf/lib/mno-hw-mul\libc.a(lib_a-impure.o)
 .data.impure_data
                0x0000000004001238      0x424 c:/intelfpga_lite/18.1/nios2eds/bin/gnu/h-x86_64-mingw32/bin/../lib/gcc/nios2-elf/5.3.0/../../../../../H-x86_64-mingw32/nios2-elf/lib/mno-hw-mul\libc.a(lib_a-impure.o)
 .data          0x000000000400165c        0x0 c:/intelfpga_lite/18.1/nios2eds/bin/gnu/h-x86_64-mingw32/bin/../lib/gcc/nios2-elf/5.3.0/../../../../../H-x86_64-mingw32/nios2-elf/lib/mno-hw-mul\libc.a(lib_a-int_errno.o)
 .data          0x000000000400165c        0x0 c:/intelfpga_lite/18.1/nios2eds/bin/gnu/h-x86_64-mingw32/bin/../lib/gcc/nios2-elf/5.3.0/../../../../../H-x86_64-mingw32/nios2-elf/lib/mno-hw-mul\libc.a(lib_a-memcmp.o)
 .data          0x000000000400165c        0x0 c:/intelfpga_lite/18.1/nios2eds/bin/gnu/h-x86_64-mingw32/bin/../lib/gcc/nios2-elf/5.3.0/../../../../../H-x86_64-mingw32/nios2-elf/lib/mno-hw-mul\libc.a(lib_a-memcpy.o)
 .data          0x000000000400165c        0x0 c:/intelfpga_lite/18.1/nios2eds/bin/gnu/h-x86_64-mingw32/bin/../lib/gcc/nios2-elf/5.3.0/../../../../../H-x86_64-mingw32/nios2-elf/lib/mno-hw-mul\libc.a(lib_a-strlen.o)
 .data          0x000000000400165c        0x0 c:/intelfpga_lite/18.1/nios2eds/bin/gnu/h-x86_64-mingw32/bin/../lib/gcc/nios2-elf/5.3.0/../../../../../H-x86_64-mingw32/nios2-elf/lib/mno-hw-mul\libc.a(lib_a-__atexit.o)
 .data          0x000000000400165c        0x0 c:/intelfpga_lite/18.1/nios2eds/bin/gnu/h-x86_64-mingw32/bin/../lib/gcc/nios2-elf/5.3.0/../../../../../H-x86_64-mingw32/nios2-elf/lib/mno-hw-mul\libc.a(lib_a-__call_atexit.o)
 .data          0x000000000400165c        0x0 c:/intelfpga_lite/18.1/nios2eds/bin/gnu/h-x86_64-mingw32/bin/../lib/gcc/nios2-elf/5.3.0/mno-hw-mul\libgcc.a(lib2-mul.o)
 .data          0x000000000400165c        0x0 ../bsp_base/\libhal_bsp.a(alt_exit.o)
                0x000000000400965c                _gp = ABSOLUTE ((. + 0x8000))
                [!provide]                        PROVIDE (gp, _gp)
 *(.rwdata .rwdata.*)
 *(.sdata .sdata.* .gnu.linkonce.s.*)
 .sdata         0x000000000400165c       0x14 ../bsp_base/\libhal_bsp.a(alt_dev.o)
                0x000000000400165c                alt_fs_list
                0x0000000004001664                alt_dev_list
                0x000000000400166c                alt_max_fd
 .sdata         0x0000000004001670        0x4 ../bsp_base/\libhal_bsp.a(alt_errno.o)
                0x0000000004001670                alt_errno
 .sdata         0x0000000004001674        0x4 ../bsp_base/\libhal_bsp.a(alt_irq_vars.o)
                0x0000000004001674                alt_priority_mask
 .sdata         0x0000000004001678        0x8 ../bsp_base/\libhal_bsp.a(alt_tick.o)
                0x0000000004001678                alt_alarm_list
 .sdata._global_impure_ptr
                0x0000000004001680        0x4 c:/intelfpga_lite/18.1/nios2eds/bin/gnu/h-x86_64-mingw32/bin/../lib/gcc/nios2-elf/5.3.0/../../../../../H-x86_64-mingw32/nios2-elf/lib/mno-hw-mul\libc.a(lib_a-impure.o)
                0x0000000004001680                _global_impure_ptr
 .sdata._impure_ptr
                0x0000000004001684        0x4 c:/intelfpga_lite/18.1/nios2eds/bin/gnu/h-x86_64-mingw32/bin/../lib/gcc/nios2-elf/5.3.0/../../../../../H-x86_64-mingw32/nios2-elf/lib/mno-hw-mul\libc.a(lib_a-impure.o)
                0x0000000004001684                _impure_ptr
 *(.sdata2 .sdata2.* .gnu.linkonce.s2.*)
                0x0000000004001688                . = ALIGN (0x4)
                0x0000000004001688                _edata = ABSOLUTE (.)
                [!provide]                        PROVIDE (edata, ABSOLUTE (.))
                0x0000000004001688                PROVIDE (__ram_rwdata_end, ABSOLUTE (.))
                0x00000000000024d4                PROVIDE (__flash_rwdata_start, LOADADDR (.rwdata))

.bss            0x0000000004001688      0x120 load address 0x0000000000003b2c
                0x0000000004001688                __bss_start = ABSOLUTE (.)
                [!provide]                        PROVIDE (__sbss_start, ABSOLUTE (.))
                [!provide]                        PROVIDE (___sbss_start, ABSOLUTE (.))
 *(.dynsbss)
 *(.sbss .sbss.* .gnu.linkonce.sb.*)
 .sbss          0x0000000004001688        0xc ../bsp_base/\libhal_bsp.a(alt_main.o)
                0x0000000004001688                alt_argc
                0x000000000400168c                alt_argv
                0x0000000004001690                alt_envp
 .sbss          0x0000000004001694        0x4 ../bsp_base/\libhal_bsp.a(alt_irq_vars.o)
                0x0000000004001694                alt_irq_active
 .sbss          0x0000000004001698        0x8 ../bsp_base/\libhal_bsp.a(alt_tick.o)
                0x0000000004001698                _alt_tick_rate
                0x000000000400169c                _alt_nticks
 .sbss          0x00000000040016a0        0x4 ../bsp_base/\libhal_bsp.a(alt_instruction_exception_entry.o)
                0x00000000040016a0                alt_instruction_exception_handler
 .sbss          0x00000000040016a4        0x4 c:/intelfpga_lite/18.1/nios2eds/bin/gnu/h-x86_64-mingw32/bin/../lib/gcc/nios2-elf/5.3.0/../../../../../H-x86_64-mingw32/nios2-elf/lib/mno-hw-mul\libc.a(lib_a-int_errno.o)
                0x00000000040016a4                errno
 *(.sbss2 .sbss2.* .gnu.linkonce.sb2.*)
 *(.scommon)
                [!provide]                        PROVIDE (__sbss_end, ABSOLUTE (.))
                [!provide]                        PROVIDE (___sbss_end, ABSOLUTE (.))
 *(.dynbss)
 *(.bss .bss.* .gnu.linkonce.b.*)
 .bss           0x00000000040016a8        0x0 ../bsp_base//obj/HAL/src/crt0.o
 .bss           0x00000000040016a8        0x0 ../bsp_base/\libhal_bsp.a(alt_load.o)
 .bss           0x00000000040016a8        0x0 ../bsp_base/\libhal_bsp.a(alt_main.o)
 .bss           0x00000000040016a8        0x0 ../bsp_base/\libhal_bsp.a(alt_sys_init.o)
 .bss           0x00000000040016a8        0x0 ../bsp_base/\libhal_bsp.a(altera_avalon_jtag_uart_fd.o)
 .bss           0x00000000040016a8        0x0 ../bsp_base/\libhal_bsp.a(altera_avalon_jtag_uart_init.o)
 .bss           0x00000000040016a8        0x0 ../bsp_base/\libhal_bsp.a(altera_avalon_jtag_uart_ioctl.o)
 .bss           0x00000000040016a8        0x0 ../bsp_base/\libhal_bsp.a(altera_avalon_jtag_uart_read.o)
 .bss           0x00000000040016a8        0x0 ../bsp_base/\libhal_bsp.a(altera_avalon_jtag_uart_write.o)
 .bss           0x00000000040016a8        0x0 ../bsp_base/\libhal_bsp.a(alt_alarm_start.o)
 .bss           0x00000000040016a8        0x0 ../bsp_base/\libhal_bsp.a(alt_close.o)
 .bss           0x00000000040016a8        0x0 ../bsp_base/\libhal_bsp.a(alt_dcache_flush_all.o)
 .bss           0x00000000040016a8        0x0 ../bsp_base/\libhal_bsp.a(alt_dev.o)
 .bss           0x00000000040016a8        0x0 ../bsp_base/\libhal_bsp.a(alt_dev_llist_insert.o)
 .bss           0x00000000040016a8        0x0 ../bsp_base/\libhal_bsp.a(alt_do_ctors.o)
 .bss           0x00000000040016a8        0x0 ../bsp_base/\libhal_bsp.a(alt_do_dtors.o)
 .bss           0x00000000040016a8        0x0 ../bsp_base/\libhal_bsp.a(alt_errno.o)
 .bss           0x00000000040016a8        0x0 ../bsp_base/\libhal_bsp.a(alt_icache_flush_all.o)
 .bss           0x00000000040016a8        0x0 ../bsp_base/\libhal_bsp.a(alt_iic.o)
 .bss           0x00000000040016a8        0x0 ../bsp_base/\libhal_bsp.a(alt_iic_isr_register.o)
 .bss           0x00000000040016a8        0x0 ../bsp_base/\libhal_bsp.a(alt_io_redirect.o)
 .bss           0x00000000040016a8        0x0 ../bsp_base/\libhal_bsp.a(alt_irq_entry.o)
 .bss           0x00000000040016a8        0x0 ../bsp_base/\libhal_bsp.a(alt_irq_handler.o)
 .bss           0x00000000040016a8        0x0 ../bsp_base/\libhal_bsp.a(alt_irq_vars.o)
 .bss           0x00000000040016a8        0x0 ../bsp_base/\libhal_bsp.a(alt_open.o)
 .bss           0x00000000040016a8        0x0 ../bsp_base/\libhal_bsp.a(alt_release_fd.o)
 .bss           0x00000000040016a8        0x0 ../bsp_base/\libhal_bsp.a(alt_tick.o)
 .bss           0x00000000040016a8        0x0 ../bsp_base/\libhal_bsp.a(altera_nios2_gen2_irq.o)
 .bss           0x00000000040016a8        0x0 ../bsp_base/\libhal_bsp.a(alt_exception_entry.o)
 .bss           0x00000000040016a8        0x0 ../bsp_base/\libhal_bsp.a(alt_find_dev.o)
 .bss           0x00000000040016a8        0x0 ../bsp_base/\libhal_bsp.a(alt_find_file.o)
 .bss           0x00000000040016a8        0x0 ../bsp_base/\libhal_bsp.a(alt_get_fd.o)
 .bss           0x00000000040016a8        0x0 ../bsp_base/\libhal_bsp.a(alt_instruction_exception_entry.o)
 .bss           0x00000000040016a8        0x0 c:/intelfpga_lite/18.1/nios2eds/bin/gnu/h-x86_64-mingw32/bin/../lib/gcc/nios2-elf/5.3.0/../../../../../H-x86_64-mingw32/nios2-elf/lib/mno-hw-mul\libc.a(lib_a-atexit.o)
 .bss           0x00000000040016a8        0x0 c:/intelfpga_lite/18.1/nios2eds/bin/gnu/h-x86_64-mingw32/bin/../lib/gcc/nios2-elf/5.3.0/../../../../../H-x86_64-mingw32/nios2-elf/lib/mno-hw-mul\libc.a(lib_a-exit.o)
 .bss           0x00000000040016a8        0x0 c:/intelfpga_lite/18.1/nios2eds/bin/gnu/h-x86_64-mingw32/bin/../lib/gcc/nios2-elf/5.3.0/../../../../../H-x86_64-mingw32/nios2-elf/lib/mno-hw-mul\libc.a(lib_a-impure.o)
 .bss           0x00000000040016a8        0x0 c:/intelfpga_lite/18.1/nios2eds/bin/gnu/h-x86_64-mingw32/bin/../lib/gcc/nios2-elf/5.3.0/../../../../../H-x86_64-mingw32/nios2-elf/lib/mno-hw-mul\libc.a(lib_a-int_errno.o)
 .bss           0x00000000040016a8        0x0 c:/intelfpga_lite/18.1/nios2eds/bin/gnu/h-x86_64-mingw32/bin/../lib/gcc/nios2-elf/5.3.0/../../../../../H-x86_64-mingw32/nios2-elf/lib/mno-hw-mul\libc.a(lib_a-memcmp.o)
 .bss           0x00000000040016a8        0x0 c:/intelfpga_lite/18.1/nios2eds/bin/gnu/h-x86_64-mingw32/bin/../lib/gcc/nios2-elf/5.3.0/../../../../../H-x86_64-mingw32/nios2-elf/lib/mno-hw-mul\libc.a(lib_a-memcpy.o)
 .bss           0x00000000040016a8        0x0 c:/intelfpga_lite/18.1/nios2eds/bin/gnu/h-x86_64-mingw32/bin/../lib/gcc/nios2-elf/5.3.0/../../../../../H-x86_64-mingw32/nios2-elf/lib/mno-hw-mul\libc.a(lib_a-strlen.o)
 .bss           0x00000000040016a8        0x0 c:/intelfpga_lite/18.1/nios2eds/bin/gnu/h-x86_64-mingw32/bin/../lib/gcc/nios2-elf/5.3.0/../../../../../H-x86_64-mingw32/nios2-elf/lib/mno-hw-mul\libc.a(lib_a-__atexit.o)
 .bss           0x00000000040016a8        0x0 c:/intelfpga_lite/18.1/nios2eds/bin/gnu/h-x86_64-mingw32/bin/../lib/gcc/nios2-elf/5.3.0/../../../../../H-x86_64-mingw32/nios2-elf/lib/mno-hw-mul\libc.a(lib_a-__call_atexit.o)
 .bss           0x00000000040016a8        0x0 c:/intelfpga_lite/18.1/nios2eds/bin/gnu/h-x86_64-mingw32/bin/../lib/gcc/nios2-elf/5.3.0/mno-hw-mul\libgcc.a(lib2-mul.o)
 .bss           0x00000000040016a8        0x0 ../bsp_base/\libhal_bsp.a(alt_exit.o)
 *(COMMON)
 COMMON         0x00000000040016a8      0x100 ../bsp_base/\libhal_bsp.a(alt_irq_handler.o)
                0x00000000040016a8                alt_irq
                0x00000000040017a8                . = ALIGN (0x4)
                0x00000000040017a8                __bss_end = ABSOLUTE (.)

.onchip_memory  0x0000000000003b2c        0x0
                [!provide]                        PROVIDE (_alt_partition_onchip_memory_start, ABSOLUTE (.))
 *(.onchip_memory .onchip_memory. onchip_memory.*)
                0x0000000000003b2c                . = ALIGN (0x4)
                [!provide]                        PROVIDE (_alt_partition_onchip_memory_end, ABSOLUTE (.))
                [!provide]                        PROVIDE (_alt_partition_onchip_memory_load_addr, LOADADDR (.onchip_memory))

.sdram_controller
                0x00000000040017a8        0x0 load address 0x0000000000003b2c
                [!provide]                        PROVIDE (_alt_partition_sdram_controller_start, ABSOLUTE (.))
 *(.sdram_controller .sdram_controller. sdram_controller.*)
                0x00000000040017a8                . = ALIGN (0x4)
                [!provide]                        PROVIDE (_alt_partition_sdram_controller_end, ABSOLUTE (.))
                0x00000000040017a8                _end = ABSOLUTE (.)
                0x00000000040017a8                end = ABSOLUTE (.)
                0x00000000040017a8                __alt_stack_base = ABSOLUTE (.)
                [!provide]                        PROVIDE (_alt_partition_sdram_controller_load_addr, LOADADDR (.sdram_controller))

.intel_generic_serial_flash_interface_top_0_avl_mem
                0x0000000010000000        0x0 load address 0x0000000000003b2c
                [!provide]                        PROVIDE (_alt_partition_intel_generic_serial_flash_interface_top_0_avl_mem_start, ABSOLUTE (.))
 *(.intel_generic_serial_flash_interface_top_0_avl_mem .intel_generic_serial_flash_interface_top_0_avl_mem. intel_generic_serial_flash_interface_top_0_avl_mem.*)
                0x0000000010000000                . = ALIGN (0x4)
                [!provide]                        PROVIDE (_alt_partition_intel_generic_serial_flash_interface_top_0_avl_mem_end, ABSOLUTE (.))
                [!provide]                        PROVIDE (_alt_partition_intel_generic_serial_flash_interface_top_0_avl_mem_load_addr, LOADADDR (.intel_generic_serial_flash_interface_top_0_avl_mem))

.stab
 *(.stab)

.stabstr
 *(.stabstr)

.stab.excl
 *(.stab.excl)

.stab.exclstr
 *(.stab.exclstr)

.stab.index
 *(.stab.index)

.stab.indexstr
 *(.stab.indexstr)

.comment        0x0000000000000000       0x23
 *(.comment)
 .comment       0x0000000000000000       0x23 ../bsp_base/\libhal_bsp.a(alt_load.o)
                                         0x24 (size before relaxing)
 .comment       0x0000000000000023       0x24 ../bsp_base/\libhal_bsp.a(alt_main.o)
 .comment       0x0000000000000023       0x24 ../bsp_base/\libhal_bsp.a(alt_sys_init.o)
 .comment       0x0000000000000023       0x24 ../bsp_base/\libhal_bsp.a(altera_avalon_jtag_uart_fd.o)
 .comment       0x0000000000000023       0x24 ../bsp_base/\libhal_bsp.a(altera_avalon_jtag_uart_init.o)
 .comment       0x0000000000000023       0x24 ../bsp_base/\libhal_bsp.a(altera_avalon_jtag_uart_ioctl.o)
 .comment       0x0000000000000023       0x24 ../bsp_base/\libhal_bsp.a(altera_avalon_jtag_uart_read.o)
 .comment       0x0000000000000023       0x24 ../bsp_base/\libhal_bsp.a(altera_avalon_jtag_uart_write.o)
 .comment       0x0000000000000023       0x24 ../bsp_base/\libhal_bsp.a(alt_alarm_start.o)
 .comment       0x0000000000000023       0x24 ../bsp_base/\libhal_bsp.a(alt_close.o)
 .comment       0x0000000000000023       0x24 ../bsp_base/\libhal_bsp.a(alt_dcache_flush_all.o)
 .comment       0x0000000000000023       0x24 ../bsp_base/\libhal_bsp.a(alt_dev.o)
 .comment       0x0000000000000023       0x24 ../bsp_base/\libhal_bsp.a(alt_dev_llist_insert.o)
 .comment       0x0000000000000023       0x24 ../bsp_base/\libhal_bsp.a(alt_do_ctors.o)
 .comment       0x0000000000000023       0x24 ../bsp_base/\libhal_bsp.a(alt_do_dtors.o)
 .comment       0x0000000000000023       0x24 ../bsp_base/\libhal_bsp.a(alt_errno.o)
 .comment       0x0000000000000023       0x24 ../bsp_base/\libhal_bsp.a(alt_icache_flush_all.o)
 .comment       0x0000000000000023       0x24 ../bsp_base/\libhal_bsp.a(alt_iic.o)
 .comment       0x0000000000000023       0x24 ../bsp_base/\libhal_bsp.a(alt_iic_isr_register.o)
 .comment       0x0000000000000023       0x24 ../bsp_base/\libhal_bsp.a(alt_io_redirect.o)
 .comment       0x0000000000000023       0x24 ../bsp_base/\libhal_bsp.a(alt_irq_handler.o)
 .comment       0x0000000000000023       0x24 ../bsp_base/\libhal_bsp.a(alt_irq_vars.o)
 .comment       0x0000000000000023       0x24 ../bsp_base/\libhal_bsp.a(alt_open.o)
 .comment       0x0000000000000023       0x24 ../bsp_base/\libhal_bsp.a(alt_release_fd.o)
 .comment       0x0000000000000023       0x24 ../bsp_base/\libhal_bsp.a(alt_tick.o)
 .comment       0x0000000000000023       0x24 ../bsp_base/\libhal_bsp.a(altera_nios2_gen2_irq.o)
 .comment       0x0000000000000023       0x24 ../bsp_base/\libhal_bsp.a(alt_find_dev.o)
 .comment       0x0000000000000023       0x24 ../bsp_base/\libhal_bsp.a(alt_find_file.o)
 .comment       0x0000000000000023       0x24 ../bsp_base/\libhal_bsp.a(alt_get_fd.o)
 .comment       0x0000000000000023       0x24 ../bsp_base/\libhal_bsp.a(alt_instruction_exception_entry.o)
 .comment       0x0000000000000023       0x24 c:/intelfpga_lite/18.1/nios2eds/bin/gnu/h-x86_64-mingw32/bin/../lib/gcc/nios2-elf/5.3.0/../../../../../H-x86_64-mingw32/nios2-elf/lib/mno-hw-mul\libc.a(lib_a-atexit.o)
 .comment       0x0000000000000023       0x24 c:/intelfpga_lite/18.1/nios2eds/bin/gnu/h-x86_64-mingw32/bin/../lib/gcc/nios2-elf/5.3.0/../../../../../H-x86_64-mingw32/nios2-elf/lib/mno-hw-mul\libc.a(lib_a-exit.o)
 .comment       0x0000000000000023       0x24 c:/intelfpga_lite/18.1/nios2eds/bin/gnu/h-x86_64-mingw32/bin/../lib/gcc/nios2-elf/5.3.0/../../../../../H-x86_64-mingw32/nios2-elf/lib/mno-hw-mul\libc.a(lib_a-impure.o)
 .comment       0x0000000000000023       0x24 c:/intelfpga_lite/18.1/nios2eds/bin/gnu/h-x86_64-mingw32/bin/../lib/gcc/nios2-elf/5.3.0/../../../../../H-x86_64-mingw32/nios2-elf/lib/mno-hw-mul\libc.a(lib_a-int_errno.o)
 .comment       0x0000000000000023       0x24 c:/intelfpga_lite/18.1/nios2eds/bin/gnu/h-x86_64-mingw32/bin/../lib/gcc/nios2-elf/5.3.0/../../../../../H-x86_64-mingw32/nios2-elf/lib/mno-hw-mul\libc.a(lib_a-memcmp.o)
 .comment       0x0000000000000023       0x24 c:/intelfpga_lite/18.1/nios2eds/bin/gnu/h-x86_64-mingw32/bin/../lib/gcc/nios2-elf/5.3.0/../../../../../H-x86_64-mingw32/nios2-elf/lib/mno-hw-mul\libc.a(lib_a-memcpy.o)
 .comment       0x0000000000000023       0x24 c:/intelfpga_lite/18.1/nios2eds/bin/gnu/h-x86_64-mingw32/bin/../lib/gcc/nios2-elf/5.3.0/../../../../../H-x86_64-mingw32/nios2-elf/lib/mno-hw-mul\libc.a(lib_a-strlen.o)
 .comment       0x0000000000000023       0x24 c:/intelfpga_lite/18.1/nios2eds/bin/gnu/h-x86_64-mingw32/bin/../lib/gcc/nios2-elf/5.3.0/../../../../../H-x86_64-mingw32/nios2-elf/lib/mno-hw-mul\libc.a(lib_a-__atexit.o)
 .comment       0x0000000000000023       0x24 c:/intelfpga_lite/18.1/nios2eds/bin/gnu/h-x86_64-mingw32/bin/../lib/gcc/nios2-elf/5.3.0/../../../../../H-x86_64-mingw32/nios2-elf/lib/mno-hw-mul\libc.a(lib_a-__call_atexit.o)
 .comment       0x0000000000000023       0x24 c:/intelfpga_lite/18.1/nios2eds/bin/gnu/h-x86_64-mingw32/bin/../lib/gcc/nios2-elf/5.3.0/mno-hw-mul\libgcc.a(lib2-mul.o)
 .comment       0x0000000000000023       0x24 ../bsp_base/\libhal_bsp.a(alt_exit.o)

.debug
 *(.debug)

.line
 *(.line)

.debug_srcinfo
 *(.debug_srcinfo)

.debug_sfnames
 *(.debug_sfnames)

.debug_aranges  0x0000000000000000      0x598
 *(.debug_aranges)
 .debug_aranges
                0x0000000000000000       0x28 ../bsp_base//obj/HAL/src/crt0.o
 .debug_aranges
                0x0000000000000028       0x20 ../bsp_base/\libhal_bsp.a(alt_load.o)
 .debug_aranges
                0x0000000000000048       0x20 ../bsp_base/\libhal_bsp.a(alt_main.o)
 .debug_aranges
                0x0000000000000068       0x20 ../bsp_base/\libhal_bsp.a(alt_sys_init.o)
 .debug_aranges
                0x0000000000000088       0x20 ../bsp_base/\libhal_bsp.a(altera_avalon_jtag_uart_fd.o)
 .debug_aranges
                0x00000000000000a8       0x20 ../bsp_base/\libhal_bsp.a(altera_avalon_jtag_uart_init.o)
 .debug_aranges
                0x00000000000000c8       0x20 ../bsp_base/\libhal_bsp.a(altera_avalon_jtag_uart_ioctl.o)
 .debug_aranges
                0x00000000000000e8       0x20 ../bsp_base/\libhal_bsp.a(altera_avalon_jtag_uart_read.o)
 .debug_aranges
                0x0000000000000108       0x20 ../bsp_base/\libhal_bsp.a(altera_avalon_jtag_uart_write.o)
 .debug_aranges
                0x0000000000000128       0x20 ../bsp_base/\libhal_bsp.a(alt_alarm_start.o)
 .debug_aranges
                0x0000000000000148       0x20 ../bsp_base/\libhal_bsp.a(alt_close.o)
 .debug_aranges
                0x0000000000000168       0x20 ../bsp_base/\libhal_bsp.a(alt_dcache_flush_all.o)
 .debug_aranges
                0x0000000000000188       0x20 ../bsp_base/\libhal_bsp.a(alt_dev.o)
 .debug_aranges
                0x00000000000001a8       0x20 ../bsp_base/\libhal_bsp.a(alt_dev_llist_insert.o)
 .debug_aranges
                0x00000000000001c8       0x20 ../bsp_base/\libhal_bsp.a(alt_do_ctors.o)
 .debug_aranges
                0x00000000000001e8       0x20 ../bsp_base/\libhal_bsp.a(alt_do_dtors.o)
 .debug_aranges
                0x0000000000000208       0x18 ../bsp_base/\libhal_bsp.a(alt_errno.o)
 .debug_aranges
                0x0000000000000220       0x20 ../bsp_base/\libhal_bsp.a(alt_icache_flush_all.o)
 .debug_aranges
                0x0000000000000240       0x20 ../bsp_base/\libhal_bsp.a(alt_iic.o)
 .debug_aranges
                0x0000000000000260       0x20 ../bsp_base/\libhal_bsp.a(alt_iic_isr_register.o)
 .debug_aranges
                0x0000000000000280       0x20 ../bsp_base/\libhal_bsp.a(alt_io_redirect.o)
 .debug_aranges
                0x00000000000002a0       0x30 ../bsp_base/\libhal_bsp.a(alt_irq_entry.o)
 .debug_aranges
                0x00000000000002d0       0x20 ../bsp_base/\libhal_bsp.a(alt_irq_handler.o)
 .debug_aranges
                0x00000000000002f0       0x18 ../bsp_base/\libhal_bsp.a(alt_irq_vars.o)
 .debug_aranges
                0x0000000000000308       0x20 ../bsp_base/\libhal_bsp.a(alt_open.o)
 .debug_aranges
                0x0000000000000328       0x20 ../bsp_base/\libhal_bsp.a(alt_release_fd.o)
 .debug_aranges
                0x0000000000000348       0x20 ../bsp_base/\libhal_bsp.a(alt_tick.o)
 .debug_aranges
                0x0000000000000368       0x20 ../bsp_base/\libhal_bsp.a(altera_nios2_gen2_irq.o)
 .debug_aranges
                0x0000000000000388       0x38 ../bsp_base/\libhal_bsp.a(alt_exception_entry.o)
 .debug_aranges
                0x00000000000003c0       0x20 ../bsp_base/\libhal_bsp.a(alt_find_dev.o)
 .debug_aranges
                0x00000000000003e0       0x20 ../bsp_base/\libhal_bsp.a(alt_find_file.o)
 .debug_aranges
                0x0000000000000400       0x20 ../bsp_base/\libhal_bsp.a(alt_get_fd.o)
 .debug_aranges
                0x0000000000000420       0x28 ../bsp_base/\libhal_bsp.a(alt_instruction_exception_entry.o)
 .debug_aranges
                0x0000000000000448       0x20 c:/intelfpga_lite/18.1/nios2eds/bin/gnu/h-x86_64-mingw32/bin/../lib/gcc/nios2-elf/5.3.0/../../../../../H-x86_64-mingw32/nios2-elf/lib/mno-hw-mul\libc.a(lib_a-atexit.o)
 .debug_aranges
                0x0000000000000468       0x20 c:/intelfpga_lite/18.1/nios2eds/bin/gnu/h-x86_64-mingw32/bin/../lib/gcc/nios2-elf/5.3.0/../../../../../H-x86_64-mingw32/nios2-elf/lib/mno-hw-mul\libc.a(lib_a-exit.o)
 .debug_aranges
                0x0000000000000488       0x18 c:/intelfpga_lite/18.1/nios2eds/bin/gnu/h-x86_64-mingw32/bin/../lib/gcc/nios2-elf/5.3.0/../../../../../H-x86_64-mingw32/nios2-elf/lib/mno-hw-mul\libc.a(lib_a-impure.o)
 .debug_aranges
                0x00000000000004a0       0x18 c:/intelfpga_lite/18.1/nios2eds/bin/gnu/h-x86_64-mingw32/bin/../lib/gcc/nios2-elf/5.3.0/../../../../../H-x86_64-mingw32/nios2-elf/lib/mno-hw-mul\libc.a(lib_a-int_errno.o)
 .debug_aranges
                0x00000000000004b8       0x20 c:/intelfpga_lite/18.1/nios2eds/bin/gnu/h-x86_64-mingw32/bin/../lib/gcc/nios2-elf/5.3.0/../../../../../H-x86_64-mingw32/nios2-elf/lib/mno-hw-mul\libc.a(lib_a-memcmp.o)
 .debug_aranges
                0x00000000000004d8       0x20 c:/intelfpga_lite/18.1/nios2eds/bin/gnu/h-x86_64-mingw32/bin/../lib/gcc/nios2-elf/5.3.0/../../../../../H-x86_64-mingw32/nios2-elf/lib/mno-hw-mul\libc.a(lib_a-memcpy.o)
 .debug_aranges
                0x00000000000004f8       0x20 c:/intelfpga_lite/18.1/nios2eds/bin/gnu/h-x86_64-mingw32/bin/../lib/gcc/nios2-elf/5.3.0/../../../../../H-x86_64-mingw32/nios2-elf/lib/mno-hw-mul\libc.a(lib_a-strlen.o)
 .debug_aranges
                0x0000000000000518       0x20 c:/intelfpga_lite/18.1/nios2eds/bin/gnu/h-x86_64-mingw32/bin/../lib/gcc/nios2-elf/5.3.0/../../../../../H-x86_64-mingw32/nios2-elf/lib/mno-hw-mul\libc.a(lib_a-__atexit.o)
 .debug_aranges
                0x0000000000000538       0x20 c:/intelfpga_lite/18.1/nios2eds/bin/gnu/h-x86_64-mingw32/bin/../lib/gcc/nios2-elf/5.3.0/../../../../../H-x86_64-mingw32/nios2-elf/lib/mno-hw-mul\libc.a(lib_a-__call_atexit.o)
 .debug_aranges
                0x0000000000000558       0x20 c:/intelfpga_lite/18.1/nios2eds/bin/gnu/h-x86_64-mingw32/bin/../lib/gcc/nios2-elf/5.3.0/mno-hw-mul\libgcc.a(lib2-mul.o)
 .debug_aranges
                0x0000000000000578       0x20 ../bsp_base/\libhal_bsp.a(alt_exit.o)

.debug_pubnames
 *(.debug_pubnames)

.debug_info     0x0000000000000000     0x7451
 *(.debug_info .gnu.linkonce.wi.*)
 .debug_info    0x0000000000000000       0x72 ../bsp_base//obj/HAL/src/crt0.o
 .debug_info    0x0000000000000072      0x145 ../bsp_base/\libhal_bsp.a(alt_load.o)
 .debug_info    0x00000000000001b7      0x131 ../bsp_base/\libhal_bsp.a(alt_main.o)
 .debug_info    0x00000000000002e8      0x4c3 ../bsp_base/\libhal_bsp.a(alt_sys_init.o)
 .debug_info    0x00000000000007ab      0x52e ../bsp_base/\libhal_bsp.a(altera_avalon_jtag_uart_fd.o)
 .debug_info    0x0000000000000cd9      0x3a0 ../bsp_base/\libhal_bsp.a(altera_avalon_jtag_uart_init.o)
 .debug_info    0x0000000000001079      0x280 ../bsp_base/\libhal_bsp.a(altera_avalon_jtag_uart_ioctl.o)
 .debug_info    0x00000000000012f9      0x345 ../bsp_base/\libhal_bsp.a(altera_avalon_jtag_uart_read.o)
 .debug_info    0x000000000000163e      0x340 ../bsp_base/\libhal_bsp.a(altera_avalon_jtag_uart_write.o)
 .debug_info    0x000000000000197e      0x2cc ../bsp_base/\libhal_bsp.a(alt_alarm_start.o)
 .debug_info    0x0000000000001c4a      0x321 ../bsp_base/\libhal_bsp.a(alt_close.o)
 .debug_info    0x0000000000001f6b       0x92 ../bsp_base/\libhal_bsp.a(alt_dcache_flush_all.o)
 .debug_info    0x0000000000001ffd      0x49c ../bsp_base/\libhal_bsp.a(alt_dev.o)
 .debug_info    0x0000000000002499      0x1a9 ../bsp_base/\libhal_bsp.a(alt_dev_llist_insert.o)
 .debug_info    0x0000000000002642       0x83 ../bsp_base/\libhal_bsp.a(alt_do_ctors.o)
 .debug_info    0x00000000000026c5       0x83 ../bsp_base/\libhal_bsp.a(alt_do_dtors.o)
 .debug_info    0x0000000000002748       0xa6 ../bsp_base/\libhal_bsp.a(alt_errno.o)
 .debug_info    0x00000000000027ee       0x92 ../bsp_base/\libhal_bsp.a(alt_icache_flush_all.o)
 .debug_info    0x0000000000002880      0x350 ../bsp_base/\libhal_bsp.a(alt_iic.o)
 .debug_info    0x0000000000002bd0      0x1ef ../bsp_base/\libhal_bsp.a(alt_iic_isr_register.o)
 .debug_info    0x0000000000002dbf      0x4a5 ../bsp_base/\libhal_bsp.a(alt_io_redirect.o)
 .debug_info    0x0000000000003264       0x7b ../bsp_base/\libhal_bsp.a(alt_irq_entry.o)
 .debug_info    0x00000000000032df      0x187 ../bsp_base/\libhal_bsp.a(alt_irq_handler.o)
 .debug_info    0x0000000000003466       0x88 ../bsp_base/\libhal_bsp.a(alt_irq_vars.o)
 .debug_info    0x00000000000034ee      0x3bb ../bsp_base/\libhal_bsp.a(alt_open.o)
 .debug_info    0x00000000000038a9      0x2b0 ../bsp_base/\libhal_bsp.a(alt_release_fd.o)
 .debug_info    0x0000000000003b59      0x299 ../bsp_base/\libhal_bsp.a(alt_tick.o)
 .debug_info    0x0000000000003df2       0x92 ../bsp_base/\libhal_bsp.a(altera_nios2_gen2_irq.o)
 .debug_info    0x0000000000003e84       0x81 ../bsp_base/\libhal_bsp.a(alt_exception_entry.o)
 .debug_info    0x0000000000003f05      0x2e9 ../bsp_base/\libhal_bsp.a(alt_find_dev.o)
 .debug_info    0x00000000000041ee      0x2e6 ../bsp_base/\libhal_bsp.a(alt_find_file.o)
 .debug_info    0x00000000000044d4      0x310 ../bsp_base/\libhal_bsp.a(alt_get_fd.o)
 .debug_info    0x00000000000047e4      0x1e7 ../bsp_base/\libhal_bsp.a(alt_instruction_exception_entry.o)
 .debug_info    0x00000000000049cb       0xfe c:/intelfpga_lite/18.1/nios2eds/bin/gnu/h-x86_64-mingw32/bin/../lib/gcc/nios2-elf/5.3.0/../../../../../H-x86_64-mingw32/nios2-elf/lib/mno-hw-mul\libc.a(lib_a-atexit.o)
 .debug_info    0x0000000000004ac9      0x8e4 c:/intelfpga_lite/18.1/nios2eds/bin/gnu/h-x86_64-mingw32/bin/../lib/gcc/nios2-elf/5.3.0/../../../../../H-x86_64-mingw32/nios2-elf/lib/mno-hw-mul\libc.a(lib_a-exit.o)
 .debug_info    0x00000000000053ad      0x8a1 c:/intelfpga_lite/18.1/nios2eds/bin/gnu/h-x86_64-mingw32/bin/../lib/gcc/nios2-elf/5.3.0/../../../../../H-x86_64-mingw32/nios2-elf/lib/mno-hw-mul\libc.a(lib_a-impure.o)
 .debug_info    0x0000000000005c4e       0x8a c:/intelfpga_lite/18.1/nios2eds/bin/gnu/h-x86_64-mingw32/bin/../lib/gcc/nios2-elf/5.3.0/../../../../../H-x86_64-mingw32/nios2-elf/lib/mno-hw-mul\libc.a(lib_a-int_errno.o)
 .debug_info    0x0000000000005cd8      0x11a c:/intelfpga_lite/18.1/nios2eds/bin/gnu/h-x86_64-mingw32/bin/../lib/gcc/nios2-elf/5.3.0/../../../../../H-x86_64-mingw32/nios2-elf/lib/mno-hw-mul\libc.a(lib_a-memcmp.o)
 .debug_info    0x0000000000005df2      0x144 c:/intelfpga_lite/18.1/nios2eds/bin/gnu/h-x86_64-mingw32/bin/../lib/gcc/nios2-elf/5.3.0/../../../../../H-x86_64-mingw32/nios2-elf/lib/mno-hw-mul\libc.a(lib_a-memcpy.o)
 .debug_info    0x0000000000005f36       0xe2 c:/intelfpga_lite/18.1/nios2eds/bin/gnu/h-x86_64-mingw32/bin/../lib/gcc/nios2-elf/5.3.0/../../../../../H-x86_64-mingw32/nios2-elf/lib/mno-hw-mul\libc.a(lib_a-strlen.o)
 .debug_info    0x0000000000006018      0x934 c:/intelfpga_lite/18.1/nios2eds/bin/gnu/h-x86_64-mingw32/bin/../lib/gcc/nios2-elf/5.3.0/../../../../../H-x86_64-mingw32/nios2-elf/lib/mno-hw-mul\libc.a(lib_a-__atexit.o)
 .debug_info    0x000000000000694c      0x965 c:/intelfpga_lite/18.1/nios2eds/bin/gnu/h-x86_64-mingw32/bin/../lib/gcc/nios2-elf/5.3.0/../../../../../H-x86_64-mingw32/nios2-elf/lib/mno-hw-mul\libc.a(lib_a-__call_atexit.o)
 .debug_info    0x00000000000072b1       0xb4 c:/intelfpga_lite/18.1/nios2eds/bin/gnu/h-x86_64-mingw32/bin/../lib/gcc/nios2-elf/5.3.0/mno-hw-mul\libgcc.a(lib2-mul.o)
 .debug_info    0x0000000000007365       0xec ../bsp_base/\libhal_bsp.a(alt_exit.o)

.debug_abbrev   0x0000000000000000     0x28b4
 *(.debug_abbrev)
 .debug_abbrev  0x0000000000000000       0x12 ../bsp_base//obj/HAL/src/crt0.o
 .debug_abbrev  0x0000000000000012       0x9f ../bsp_base/\libhal_bsp.a(alt_load.o)
 .debug_abbrev  0x00000000000000b1       0xba ../bsp_base/\libhal_bsp.a(alt_main.o)
 .debug_abbrev  0x000000000000016b      0x187 ../bsp_base/\libhal_bsp.a(alt_sys_init.o)
 .debug_abbrev  0x00000000000002f2      0x127 ../bsp_base/\libhal_bsp.a(altera_avalon_jtag_uart_fd.o)
 .debug_abbrev  0x0000000000000419      0x19e ../bsp_base/\libhal_bsp.a(altera_avalon_jtag_uart_init.o)
 .debug_abbrev  0x00000000000005b7      0x111 ../bsp_base/\libhal_bsp.a(altera_avalon_jtag_uart_ioctl.o)
 .debug_abbrev  0x00000000000006c8      0x1aa ../bsp_base/\libhal_bsp.a(altera_avalon_jtag_uart_read.o)
 .debug_abbrev  0x0000000000000872      0x1a8 ../bsp_base/\libhal_bsp.a(altera_avalon_jtag_uart_write.o)
 .debug_abbrev  0x0000000000000a1a      0x162 ../bsp_base/\libhal_bsp.a(alt_alarm_start.o)
 .debug_abbrev  0x0000000000000b7c      0x11f ../bsp_base/\libhal_bsp.a(alt_close.o)
 .debug_abbrev  0x0000000000000c9b       0x42 ../bsp_base/\libhal_bsp.a(alt_dcache_flush_all.o)
 .debug_abbrev  0x0000000000000cdd       0xd9 ../bsp_base/\libhal_bsp.a(alt_dev.o)
 .debug_abbrev  0x0000000000000db6      0x114 ../bsp_base/\libhal_bsp.a(alt_dev_llist_insert.o)
 .debug_abbrev  0x0000000000000eca       0x79 ../bsp_base/\libhal_bsp.a(alt_do_ctors.o)
 .debug_abbrev  0x0000000000000f43       0x79 ../bsp_base/\libhal_bsp.a(alt_do_dtors.o)
 .debug_abbrev  0x0000000000000fbc       0x5a ../bsp_base/\libhal_bsp.a(alt_errno.o)
 .debug_abbrev  0x0000000000001016       0x42 ../bsp_base/\libhal_bsp.a(alt_icache_flush_all.o)
 .debug_abbrev  0x0000000000001058      0x163 ../bsp_base/\libhal_bsp.a(alt_iic.o)
 .debug_abbrev  0x00000000000011bb      0x169 ../bsp_base/\libhal_bsp.a(alt_iic_isr_register.o)
 .debug_abbrev  0x0000000000001324      0x114 ../bsp_base/\libhal_bsp.a(alt_io_redirect.o)
 .debug_abbrev  0x0000000000001438       0x12 ../bsp_base/\libhal_bsp.a(alt_irq_entry.o)
 .debug_abbrev  0x000000000000144a      0x122 ../bsp_base/\libhal_bsp.a(alt_irq_handler.o)
 .debug_abbrev  0x000000000000156c       0x40 ../bsp_base/\libhal_bsp.a(alt_irq_vars.o)
 .debug_abbrev  0x00000000000015ac      0x148 ../bsp_base/\libhal_bsp.a(alt_open.o)
 .debug_abbrev  0x00000000000016f4       0xde ../bsp_base/\libhal_bsp.a(alt_release_fd.o)
 .debug_abbrev  0x00000000000017d2      0x15a ../bsp_base/\libhal_bsp.a(alt_tick.o)
 .debug_abbrev  0x000000000000192c       0x42 ../bsp_base/\libhal_bsp.a(altera_nios2_gen2_irq.o)
 .debug_abbrev  0x000000000000196e       0x12 ../bsp_base/\libhal_bsp.a(alt_exception_entry.o)
 .debug_abbrev  0x0000000000001980       0xf0 ../bsp_base/\libhal_bsp.a(alt_find_dev.o)
 .debug_abbrev  0x0000000000001a70       0xf0 ../bsp_base/\libhal_bsp.a(alt_find_file.o)
 .debug_abbrev  0x0000000000001b60      0x10d ../bsp_base/\libhal_bsp.a(alt_get_fd.o)
 .debug_abbrev  0x0000000000001c6d       0xdc ../bsp_base/\libhal_bsp.a(alt_instruction_exception_entry.o)
 .debug_abbrev  0x0000000000001d49       0xaa c:/intelfpga_lite/18.1/nios2eds/bin/gnu/h-x86_64-mingw32/bin/../lib/gcc/nios2-elf/5.3.0/../../../../../H-x86_64-mingw32/nios2-elf/lib/mno-hw-mul\libc.a(lib_a-atexit.o)
 .debug_abbrev  0x0000000000001df3      0x1e5 c:/intelfpga_lite/18.1/nios2eds/bin/gnu/h-x86_64-mingw32/bin/../lib/gcc/nios2-elf/5.3.0/../../../../../H-x86_64-mingw32/nios2-elf/lib/mno-hw-mul\libc.a(lib_a-exit.o)
 .debug_abbrev  0x0000000000001fd8      0x18f c:/intelfpga_lite/18.1/nios2eds/bin/gnu/h-x86_64-mingw32/bin/../lib/gcc/nios2-elf/5.3.0/../../../../../H-x86_64-mingw32/nios2-elf/lib/mno-hw-mul\libc.a(lib_a-impure.o)
 .debug_abbrev  0x0000000000002167       0x37 c:/intelfpga_lite/18.1/nios2eds/bin/gnu/h-x86_64-mingw32/bin/../lib/gcc/nios2-elf/5.3.0/../../../../../H-x86_64-mingw32/nios2-elf/lib/mno-hw-mul\libc.a(lib_a-int_errno.o)
 .debug_abbrev  0x000000000000219e       0x7f c:/intelfpga_lite/18.1/nios2eds/bin/gnu/h-x86_64-mingw32/bin/../lib/gcc/nios2-elf/5.3.0/../../../../../H-x86_64-mingw32/nios2-elf/lib/mno-hw-mul\libc.a(lib_a-memcmp.o)
 .debug_abbrev  0x000000000000221d       0xa3 c:/intelfpga_lite/18.1/nios2eds/bin/gnu/h-x86_64-mingw32/bin/../lib/gcc/nios2-elf/5.3.0/../../../../../H-x86_64-mingw32/nios2-elf/lib/mno-hw-mul\libc.a(lib_a-memcpy.o)
 .debug_abbrev  0x00000000000022c0       0x90 c:/intelfpga_lite/18.1/nios2eds/bin/gnu/h-x86_64-mingw32/bin/../lib/gcc/nios2-elf/5.3.0/../../../../../H-x86_64-mingw32/nios2-elf/lib/mno-hw-mul\libc.a(lib_a-strlen.o)
 .debug_abbrev  0x0000000000002350      0x21e c:/intelfpga_lite/18.1/nios2eds/bin/gnu/h-x86_64-mingw32/bin/../lib/gcc/nios2-elf/5.3.0/../../../../../H-x86_64-mingw32/nios2-elf/lib/mno-hw-mul\libc.a(lib_a-__atexit.o)
 .debug_abbrev  0x000000000000256e      0x22e c:/intelfpga_lite/18.1/nios2eds/bin/gnu/h-x86_64-mingw32/bin/../lib/gcc/nios2-elf/5.3.0/../../../../../H-x86_64-mingw32/nios2-elf/lib/mno-hw-mul\libc.a(lib_a-__call_atexit.o)
 .debug_abbrev  0x000000000000279c       0x6f c:/intelfpga_lite/18.1/nios2eds/bin/gnu/h-x86_64-mingw32/bin/../lib/gcc/nios2-elf/5.3.0/mno-hw-mul\libgcc.a(lib2-mul.o)
 .debug_abbrev  0x000000000000280b       0xa9 ../bsp_base/\libhal_bsp.a(alt_exit.o)

.debug_line     0x0000000000000000     0x2914
 *(.debug_line)
 .debug_line    0x0000000000000000       0x66 ../bsp_base//obj/HAL/src/crt0.o
 .debug_line    0x0000000000000066       0x8e ../bsp_base/\libhal_bsp.a(alt_load.o)
 .debug_line    0x00000000000000f4       0xa4 ../bsp_base/\libhal_bsp.a(alt_main.o)
 .debug_line    0x0000000000000198      0x137 ../bsp_base/\libhal_bsp.a(alt_sys_init.o)
 .debug_line    0x00000000000002cf      0x12f ../bsp_base/\libhal_bsp.a(altera_avalon_jtag_uart_fd.o)
 .debug_line    0x00000000000003fe      0x18b ../bsp_base/\libhal_bsp.a(altera_avalon_jtag_uart_init.o)
 .debug_line    0x0000000000000589      0x131 ../bsp_base/\libhal_bsp.a(altera_avalon_jtag_uart_ioctl.o)
 .debug_line    0x00000000000006ba      0x171 ../bsp_base/\libhal_bsp.a(altera_avalon_jtag_uart_read.o)
 .debug_line    0x000000000000082b      0x170 ../bsp_base/\libhal_bsp.a(altera_avalon_jtag_uart_write.o)
 .debug_line    0x000000000000099b       0xf9 ../bsp_base/\libhal_bsp.a(alt_alarm_start.o)
 .debug_line    0x0000000000000a94      0x165 ../bsp_base/\libhal_bsp.a(alt_close.o)
 .debug_line    0x0000000000000bf9       0x51 ../bsp_base/\libhal_bsp.a(alt_dcache_flush_all.o)
 .debug_line    0x0000000000000c4a       0xf8 ../bsp_base/\libhal_bsp.a(alt_dev.o)
 .debug_line    0x0000000000000d42       0xcf ../bsp_base/\libhal_bsp.a(alt_dev_llist_insert.o)
 .debug_line    0x0000000000000e11       0x59 ../bsp_base/\libhal_bsp.a(alt_do_ctors.o)
 .debug_line    0x0000000000000e6a       0x59 ../bsp_base/\libhal_bsp.a(alt_do_dtors.o)
 .debug_line    0x0000000000000ec3       0x51 ../bsp_base/\libhal_bsp.a(alt_errno.o)
 .debug_line    0x0000000000000f14       0x4f ../bsp_base/\libhal_bsp.a(alt_icache_flush_all.o)
 .debug_line    0x0000000000000f63       0xeb ../bsp_base/\libhal_bsp.a(alt_iic.o)
 .debug_line    0x000000000000104e       0xdb ../bsp_base/\libhal_bsp.a(alt_iic_isr_register.o)
 .debug_line    0x0000000000001129      0x135 ../bsp_base/\libhal_bsp.a(alt_io_redirect.o)
 .debug_line    0x000000000000125e       0x6b ../bsp_base/\libhal_bsp.a(alt_irq_entry.o)
 .debug_line    0x00000000000012c9       0xaa ../bsp_base/\libhal_bsp.a(alt_irq_handler.o)
 .debug_line    0x0000000000001373       0x50 ../bsp_base/\libhal_bsp.a(alt_irq_vars.o)
 .debug_line    0x00000000000013c3      0x12b ../bsp_base/\libhal_bsp.a(alt_open.o)
 .debug_line    0x00000000000014ee       0xb0 ../bsp_base/\libhal_bsp.a(alt_release_fd.o)
 .debug_line    0x000000000000159e       0xff ../bsp_base/\libhal_bsp.a(alt_tick.o)
 .debug_line    0x000000000000169d       0x51 ../bsp_base/\libhal_bsp.a(altera_nios2_gen2_irq.o)
 .debug_line    0x00000000000016ee       0xb3 ../bsp_base/\libhal_bsp.a(alt_exception_entry.o)
 .debug_line    0x00000000000017a1       0xb5 ../bsp_base/\libhal_bsp.a(alt_find_dev.o)
 .debug_line    0x0000000000001856       0xd1 ../bsp_base/\libhal_bsp.a(alt_find_file.o)
 .debug_line    0x0000000000001927       0xd7 ../bsp_base/\libhal_bsp.a(alt_get_fd.o)
 .debug_line    0x00000000000019fe       0xb9 ../bsp_base/\libhal_bsp.a(alt_instruction_exception_entry.o)
 .debug_line    0x0000000000001ab7       0xe7 c:/intelfpga_lite/18.1/nios2eds/bin/gnu/h-x86_64-mingw32/bin/../lib/gcc/nios2-elf/5.3.0/../../../../../H-x86_64-mingw32/nios2-elf/lib/mno-hw-mul\libc.a(lib_a-atexit.o)
 .debug_line    0x0000000000001b9e      0x1fc c:/intelfpga_lite/18.1/nios2eds/bin/gnu/h-x86_64-mingw32/bin/../lib/gcc/nios2-elf/5.3.0/../../../../../H-x86_64-mingw32/nios2-elf/lib/mno-hw-mul\libc.a(lib_a-exit.o)
 .debug_line    0x0000000000001d9a      0x160 c:/intelfpga_lite/18.1/nios2eds/bin/gnu/h-x86_64-mingw32/bin/../lib/gcc/nios2-elf/5.3.0/../../../../../H-x86_64-mingw32/nios2-elf/lib/mno-hw-mul\libc.a(lib_a-impure.o)
 .debug_line    0x0000000000001efa       0x5f c:/intelfpga_lite/18.1/nios2eds/bin/gnu/h-x86_64-mingw32/bin/../lib/gcc/nios2-elf/5.3.0/../../../../../H-x86_64-mingw32/nios2-elf/lib/mno-hw-mul\libc.a(lib_a-int_errno.o)
 .debug_line    0x0000000000001f59      0x176 c:/intelfpga_lite/18.1/nios2eds/bin/gnu/h-x86_64-mingw32/bin/../lib/gcc/nios2-elf/5.3.0/../../../../../H-x86_64-mingw32/nios2-elf/lib/mno-hw-mul\libc.a(lib_a-memcmp.o)
 .debug_line    0x00000000000020cf      0x18c c:/intelfpga_lite/18.1/nios2eds/bin/gnu/h-x86_64-mingw32/bin/../lib/gcc/nios2-elf/5.3.0/../../../../../H-x86_64-mingw32/nios2-elf/lib/mno-hw-mul\libc.a(lib_a-memcpy.o)
 .debug_line    0x000000000000225b      0x16f c:/intelfpga_lite/18.1/nios2eds/bin/gnu/h-x86_64-mingw32/bin/../lib/gcc/nios2-elf/5.3.0/../../../../../H-x86_64-mingw32/nios2-elf/lib/mno-hw-mul\libc.a(lib_a-strlen.o)
 .debug_line    0x00000000000023ca      0x21f c:/intelfpga_lite/18.1/nios2eds/bin/gnu/h-x86_64-mingw32/bin/../lib/gcc/nios2-elf/5.3.0/../../../../../H-x86_64-mingw32/nios2-elf/lib/mno-hw-mul\libc.a(lib_a-__atexit.o)
 .debug_line    0x00000000000025e9      0x23a c:/intelfpga_lite/18.1/nios2eds/bin/gnu/h-x86_64-mingw32/bin/../lib/gcc/nios2-elf/5.3.0/../../../../../H-x86_64-mingw32/nios2-elf/lib/mno-hw-mul\libc.a(lib_a-__call_atexit.o)
 .debug_line    0x0000000000002823       0x80 c:/intelfpga_lite/18.1/nios2eds/bin/gnu/h-x86_64-mingw32/bin/../lib/gcc/nios2-elf/5.3.0/mno-hw-mul\libgcc.a(lib2-mul.o)
 .debug_line    0x00000000000028a3       0x71 ../bsp_base/\libhal_bsp.a(alt_exit.o)

.debug_frame    0x0000000000000000      0xa78
 *(.debug_frame)
 .debug_frame   0x0000000000000000       0x5c ../bsp_base/\libhal_bsp.a(alt_load.o)
 .debug_frame   0x000000000000005c       0x2c ../bsp_base/\libhal_bsp.a(alt_main.o)
 .debug_frame   0x0000000000000088       0x88 ../bsp_base/\libhal_bsp.a(alt_sys_init.o)
 .debug_frame   0x0000000000000110       0xb0 ../bsp_base/\libhal_bsp.a(altera_avalon_jtag_uart_fd.o)
 .debug_frame   0x00000000000001c0       0xa4 ../bsp_base/\libhal_bsp.a(altera_avalon_jtag_uart_init.o)
 .debug_frame   0x0000000000000264       0x34 ../bsp_base/\libhal_bsp.a(altera_avalon_jtag_uart_ioctl.o)
 .debug_frame   0x0000000000000298       0x38 ../bsp_base/\libhal_bsp.a(altera_avalon_jtag_uart_read.o)
 .debug_frame   0x00000000000002d0       0x38 ../bsp_base/\libhal_bsp.a(altera_avalon_jtag_uart_write.o)
 .debug_frame   0x0000000000000308       0x34 ../bsp_base/\libhal_bsp.a(alt_alarm_start.o)
 .debug_frame   0x000000000000033c       0x60 ../bsp_base/\libhal_bsp.a(alt_close.o)
 .debug_frame   0x000000000000039c       0x34 ../bsp_base/\libhal_bsp.a(alt_dcache_flush_all.o)
 .debug_frame   0x00000000000003d0       0x34 ../bsp_base/\libhal_bsp.a(alt_dev.o)
 .debug_frame   0x0000000000000404       0x60 ../bsp_base/\libhal_bsp.a(alt_dev_llist_insert.o)
 .debug_frame   0x0000000000000464       0x38 ../bsp_base/\libhal_bsp.a(alt_do_ctors.o)
 .debug_frame   0x000000000000049c       0x38 ../bsp_base/\libhal_bsp.a(alt_do_dtors.o)
 .debug_frame   0x00000000000004d4       0x34 ../bsp_base/\libhal_bsp.a(alt_icache_flush_all.o)
 .debug_frame   0x0000000000000508       0xa4 ../bsp_base/\libhal_bsp.a(alt_iic.o)
 .debug_frame   0x00000000000005ac       0x38 ../bsp_base/\libhal_bsp.a(alt_iic_isr_register.o)
 .debug_frame   0x00000000000005e4       0x64 ../bsp_base/\libhal_bsp.a(alt_io_redirect.o)
 .debug_frame   0x0000000000000648       0x38 ../bsp_base/\libhal_bsp.a(alt_irq_handler.o)
 .debug_frame   0x0000000000000680       0x8c ../bsp_base/\libhal_bsp.a(alt_open.o)
 .debug_frame   0x000000000000070c       0x3c ../bsp_base/\libhal_bsp.a(alt_release_fd.o)
 .debug_frame   0x0000000000000748       0x5c ../bsp_base/\libhal_bsp.a(alt_tick.o)
 .debug_frame   0x00000000000007a4       0x34 ../bsp_base/\libhal_bsp.a(altera_nios2_gen2_irq.o)
 .debug_frame   0x00000000000007d8       0x38 ../bsp_base/\libhal_bsp.a(alt_find_dev.o)
 .debug_frame   0x0000000000000810       0x38 ../bsp_base/\libhal_bsp.a(alt_find_file.o)
 .debug_frame   0x0000000000000848       0x3c ../bsp_base/\libhal_bsp.a(alt_get_fd.o)
 .debug_frame   0x0000000000000884       0x5c ../bsp_base/\libhal_bsp.a(alt_instruction_exception_entry.o)
 .debug_frame   0x00000000000008e0       0x20 c:/intelfpga_lite/18.1/nios2eds/bin/gnu/h-x86_64-mingw32/bin/../lib/gcc/nios2-elf/5.3.0/../../../../../H-x86_64-mingw32/nios2-elf/lib/mno-hw-mul\libc.a(lib_a-atexit.o)
 .debug_frame   0x0000000000000900       0x28 c:/intelfpga_lite/18.1/nios2eds/bin/gnu/h-x86_64-mingw32/bin/../lib/gcc/nios2-elf/5.3.0/../../../../../H-x86_64-mingw32/nios2-elf/lib/mno-hw-mul\libc.a(lib_a-exit.o)
 .debug_frame   0x0000000000000928       0x20 c:/intelfpga_lite/18.1/nios2eds/bin/gnu/h-x86_64-mingw32/bin/../lib/gcc/nios2-elf/5.3.0/../../../../../H-x86_64-mingw32/nios2-elf/lib/mno-hw-mul\libc.a(lib_a-memcmp.o)
 .debug_frame   0x0000000000000948       0x38 c:/intelfpga_lite/18.1/nios2eds/bin/gnu/h-x86_64-mingw32/bin/../lib/gcc/nios2-elf/5.3.0/../../../../../H-x86_64-mingw32/nios2-elf/lib/mno-hw-mul\libc.a(lib_a-memcpy.o)
 .debug_frame   0x0000000000000980       0x20 c:/intelfpga_lite/18.1/nios2eds/bin/gnu/h-x86_64-mingw32/bin/../lib/gcc/nios2-elf/5.3.0/../../../../../H-x86_64-mingw32/nios2-elf/lib/mno-hw-mul\libc.a(lib_a-strlen.o)
 .debug_frame   0x00000000000009a0       0x38 c:/intelfpga_lite/18.1/nios2eds/bin/gnu/h-x86_64-mingw32/bin/../lib/gcc/nios2-elf/5.3.0/../../../../../H-x86_64-mingw32/nios2-elf/lib/mno-hw-mul\libc.a(lib_a-__atexit.o)
 .debug_frame   0x00000000000009d8       0x54 c:/intelfpga_lite/18.1/nios2eds/bin/gnu/h-x86_64-mingw32/bin/../lib/gcc/nios2-elf/5.3.0/../../../../../H-x86_64-mingw32/nios2-elf/lib/mno-hw-mul\libc.a(lib_a-__call_atexit.o)
 .debug_frame   0x0000000000000a2c       0x20 c:/intelfpga_lite/18.1/nios2eds/bin/gnu/h-x86_64-mingw32/bin/../lib/gcc/nios2-elf/5.3.0/mno-hw-mul\libgcc.a(lib2-mul.o)
 .debug_frame   0x0000000000000a4c       0x2c ../bsp_base/\libhal_bsp.a(alt_exit.o)

.debug_str      0x0000000000000000     0x1b0f
 *(.debug_str)
 .debug_str     0x0000000000000000      0x1dd ../bsp_base/\libhal_bsp.a(alt_load.o)
                                        0x216 (size before relaxing)
 .debug_str     0x00000000000001dd       0x70 ../bsp_base/\libhal_bsp.a(alt_main.o)
                                        0x1a1 (size before relaxing)
 .debug_str     0x000000000000024d      0x1a0 ../bsp_base/\libhal_bsp.a(alt_sys_init.o)
                                        0x35a (size before relaxing)
 .debug_str     0x00000000000003ed       0xb9 ../bsp_base/\libhal_bsp.a(altera_avalon_jtag_uart_fd.o)
                                        0x3a8 (size before relaxing)
 .debug_str     0x00000000000004a6       0xd1 ../bsp_base/\libhal_bsp.a(altera_avalon_jtag_uart_init.o)
                                        0x33c (size before relaxing)
 .debug_str     0x0000000000000577       0x4a ../bsp_base/\libhal_bsp.a(altera_avalon_jtag_uart_ioctl.o)
                                        0x297 (size before relaxing)
 .debug_str     0x00000000000005c1       0x7f ../bsp_base/\libhal_bsp.a(altera_avalon_jtag_uart_read.o)
                                        0x2ec (size before relaxing)
 .debug_str     0x0000000000000640       0x4a ../bsp_base/\libhal_bsp.a(altera_avalon_jtag_uart_write.o)
                                        0x2ed (size before relaxing)
 .debug_str     0x000000000000068a       0x59 ../bsp_base/\libhal_bsp.a(alt_alarm_start.o)
                                        0x282 (size before relaxing)
 .debug_str     0x00000000000006e3       0x44 ../bsp_base/\libhal_bsp.a(alt_close.o)
                                        0x20f (size before relaxing)
 .debug_str     0x0000000000000727       0x34 ../bsp_base/\libhal_bsp.a(alt_dcache_flush_all.o)
                                        0x159 (size before relaxing)
 .debug_str     0x000000000000075b      0x120 ../bsp_base/\libhal_bsp.a(alt_dev.o)
                                        0x309 (size before relaxing)
 .debug_str     0x000000000000087b       0x34 ../bsp_base/\libhal_bsp.a(alt_dev_llist_insert.o)
                                        0x1d0 (size before relaxing)
 .debug_str     0x00000000000008af       0x48 ../bsp_base/\libhal_bsp.a(alt_do_ctors.o)
                                         0xd4 (size before relaxing)
 .debug_str     0x00000000000008f7       0x4c ../bsp_base/\libhal_bsp.a(alt_do_dtors.o)
                                         0xd3 (size before relaxing)
 .debug_str     0x0000000000000943       0x14 ../bsp_base/\libhal_bsp.a(alt_errno.o)
                                        0x149 (size before relaxing)
 .debug_str     0x0000000000000957       0x34 ../bsp_base/\libhal_bsp.a(alt_icache_flush_all.o)
                                        0x159 (size before relaxing)
 .debug_str     0x000000000000098b       0xc4 ../bsp_base/\libhal_bsp.a(alt_iic.o)
                                        0x242 (size before relaxing)
 .debug_str     0x0000000000000a4f       0x4c ../bsp_base/\libhal_bsp.a(alt_iic_isr_register.o)
                                        0x1ec (size before relaxing)
 .debug_str     0x0000000000000a9b       0x56 ../bsp_base/\libhal_bsp.a(alt_io_redirect.o)
                                        0x31a (size before relaxing)
 .debug_str     0x0000000000000af1       0x3a ../bsp_base/\libhal_bsp.a(alt_irq_handler.o)
                                        0x19b (size before relaxing)
 .debug_str     0x0000000000000b2b       0x17 ../bsp_base/\libhal_bsp.a(alt_irq_vars.o)
                                        0x13e (size before relaxing)
 .debug_str     0x0000000000000b42       0x2f ../bsp_base/\libhal_bsp.a(alt_open.o)
                                        0x24f (size before relaxing)
 .debug_str     0x0000000000000b71       0x28 ../bsp_base/\libhal_bsp.a(alt_release_fd.o)
                                        0x1d7 (size before relaxing)
 .debug_str     0x0000000000000b99       0x4a ../bsp_base/\libhal_bsp.a(alt_tick.o)
                                        0x256 (size before relaxing)
 .debug_str     0x0000000000000be3       0x3b ../bsp_base/\libhal_bsp.a(altera_nios2_gen2_irq.o)
                                        0x160 (size before relaxing)
 .debug_str     0x0000000000000c1e       0x24 ../bsp_base/\libhal_bsp.a(alt_find_dev.o)
                                        0x1f0 (size before relaxing)
 .debug_str     0x0000000000000c42       0x26 ../bsp_base/\libhal_bsp.a(alt_find_file.o)
                                        0x1fe (size before relaxing)
 .debug_str     0x0000000000000c68       0x30 ../bsp_base/\libhal_bsp.a(alt_get_fd.o)
                                        0x220 (size before relaxing)
 .debug_str     0x0000000000000c98      0x48b ../bsp_base/\libhal_bsp.a(alt_instruction_exception_entry.o)
                                        0x5a4 (size before relaxing)
 .debug_str     0x0000000000001123      0x17c c:/intelfpga_lite/18.1/nios2eds/bin/gnu/h-x86_64-mingw32/bin/../lib/gcc/nios2-elf/5.3.0/../../../../../H-x86_64-mingw32/nios2-elf/lib/mno-hw-mul\libc.a(lib_a-atexit.o)
                                        0x221 (size before relaxing)
 .debug_str     0x000000000000129f      0x3af c:/intelfpga_lite/18.1/nios2eds/bin/gnu/h-x86_64-mingw32/bin/../lib/gcc/nios2-elf/5.3.0/../../../../../H-x86_64-mingw32/nios2-elf/lib/mno-hw-mul\libc.a(lib_a-exit.o)
                                        0x5be (size before relaxing)
 .debug_str     0x000000000000164e       0xd6 c:/intelfpga_lite/18.1/nios2eds/bin/gnu/h-x86_64-mingw32/bin/../lib/gcc/nios2-elf/5.3.0/../../../../../H-x86_64-mingw32/nios2-elf/lib/mno-hw-mul\libc.a(lib_a-impure.o)
                                        0x5b5 (size before relaxing)
 .debug_str     0x0000000000001724       0x3f c:/intelfpga_lite/18.1/nios2eds/bin/gnu/h-x86_64-mingw32/bin/../lib/gcc/nios2-elf/5.3.0/../../../../../H-x86_64-mingw32/nios2-elf/lib/mno-hw-mul\libc.a(lib_a-int_errno.o)
                                        0x1dd (size before relaxing)
 .debug_str     0x0000000000001763       0xda c:/intelfpga_lite/18.1/nios2eds/bin/gnu/h-x86_64-mingw32/bin/../lib/gcc/nios2-elf/5.3.0/../../../../../H-x86_64-mingw32/nios2-elf/lib/mno-hw-mul\libc.a(lib_a-memcmp.o)
                                        0x1e4 (size before relaxing)
 .debug_str     0x000000000000183d       0x6b c:/intelfpga_lite/18.1/nios2eds/bin/gnu/h-x86_64-mingw32/bin/../lib/gcc/nios2-elf/5.3.0/../../../../../H-x86_64-mingw32/nios2-elf/lib/mno-hw-mul\libc.a(lib_a-memcpy.o)
                                        0x20b (size before relaxing)
 .debug_str     0x00000000000018a8       0x51 c:/intelfpga_lite/18.1/nios2eds/bin/gnu/h-x86_64-mingw32/bin/../lib/gcc/nios2-elf/5.3.0/../../../../../H-x86_64-mingw32/nios2-elf/lib/mno-hw-mul\libc.a(lib_a-strlen.o)
                                        0x1f7 (size before relaxing)
 .debug_str     0x00000000000018f9       0x3f c:/intelfpga_lite/18.1/nios2eds/bin/gnu/h-x86_64-mingw32/bin/../lib/gcc/nios2-elf/5.3.0/../../../../../H-x86_64-mingw32/nios2-elf/lib/mno-hw-mul\libc.a(lib_a-__atexit.o)
                                        0x5f6 (size before relaxing)
 .debug_str     0x0000000000001938       0x65 c:/intelfpga_lite/18.1/nios2eds/bin/gnu/h-x86_64-mingw32/bin/../lib/gcc/nios2-elf/5.3.0/../../../../../H-x86_64-mingw32/nios2-elf/lib/mno-hw-mul\libc.a(lib_a-__call_atexit.o)
                                        0x5e2 (size before relaxing)
 .debug_str     0x000000000000199d      0x148 c:/intelfpga_lite/18.1/nios2eds/bin/gnu/h-x86_64-mingw32/bin/../lib/gcc/nios2-elf/5.3.0/mno-hw-mul\libgcc.a(lib2-mul.o)
                                        0x193 (size before relaxing)
 .debug_str     0x0000000000001ae5       0x2a ../bsp_base/\libhal_bsp.a(alt_exit.o)
                                        0x155 (size before relaxing)

.debug_loc      0x0000000000000000      0x803
 *(.debug_loc)
 .debug_loc     0x0000000000000000       0x2c c:/intelfpga_lite/18.1/nios2eds/bin/gnu/h-x86_64-mingw32/bin/../lib/gcc/nios2-elf/5.3.0/../../../../../H-x86_64-mingw32/nios2-elf/lib/mno-hw-mul\libc.a(lib_a-atexit.o)
 .debug_loc     0x000000000000002c       0x1e c:/intelfpga_lite/18.1/nios2eds/bin/gnu/h-x86_64-mingw32/bin/../lib/gcc/nios2-elf/5.3.0/../../../../../H-x86_64-mingw32/nios2-elf/lib/mno-hw-mul\libc.a(lib_a-exit.o)
 .debug_loc     0x000000000000004a      0x126 c:/intelfpga_lite/18.1/nios2eds/bin/gnu/h-x86_64-mingw32/bin/../lib/gcc/nios2-elf/5.3.0/../../../../../H-x86_64-mingw32/nios2-elf/lib/mno-hw-mul\libc.a(lib_a-memcmp.o)
 .debug_loc     0x0000000000000170      0x266 c:/intelfpga_lite/18.1/nios2eds/bin/gnu/h-x86_64-mingw32/bin/../lib/gcc/nios2-elf/5.3.0/../../../../../H-x86_64-mingw32/nios2-elf/lib/mno-hw-mul\libc.a(lib_a-memcpy.o)
 .debug_loc     0x00000000000003d6       0x47 c:/intelfpga_lite/18.1/nios2eds/bin/gnu/h-x86_64-mingw32/bin/../lib/gcc/nios2-elf/5.3.0/../../../../../H-x86_64-mingw32/nios2-elf/lib/mno-hw-mul\libc.a(lib_a-strlen.o)
 .debug_loc     0x000000000000041d      0x185 c:/intelfpga_lite/18.1/nios2eds/bin/gnu/h-x86_64-mingw32/bin/../lib/gcc/nios2-elf/5.3.0/../../../../../H-x86_64-mingw32/nios2-elf/lib/mno-hw-mul\libc.a(lib_a-__atexit.o)
 .debug_loc     0x00000000000005a2      0x1ce c:/intelfpga_lite/18.1/nios2eds/bin/gnu/h-x86_64-mingw32/bin/../lib/gcc/nios2-elf/5.3.0/../../../../../H-x86_64-mingw32/nios2-elf/lib/mno-hw-mul\libc.a(lib_a-__call_atexit.o)
 .debug_loc     0x0000000000000770       0x93 c:/intelfpga_lite/18.1/nios2eds/bin/gnu/h-x86_64-mingw32/bin/../lib/gcc/nios2-elf/5.3.0/mno-hw-mul\libgcc.a(lib2-mul.o)

.debug_macinfo
 *(.debug_macinfo)

.debug_weaknames
 *(.debug_weaknames)

.debug_funcnames
 *(.debug_funcnames)

.debug_typenames
 *(.debug_typenames)

.debug_varnames
 *(.debug_varnames)

.debug_alt_sim_info
                0x0000000000000000       0x10
 *(.debug_alt_sim_info)
 .debug_alt_sim_info
                0x0000000000000000       0x10 ../bsp_base//obj/HAL/src/crt0.o
                0x0000000006000000                __alt_data_end = 0x6000000
                0x0000000006000000                PROVIDE (__alt_stack_pointer, __alt_data_end)
                [!provide]                        PROVIDE (__alt_stack_limit, __alt_stack_base)
                [!provide]                        PROVIDE (__alt_heap_start, end)
                [!provide]                        PROVIDE (__alt_heap_limit, 0x6000000)
OUTPUT(test1.elf elf32-littlenios2)

.debug_ranges   0x0000000000000000      0x178
 .debug_ranges  0x0000000000000000       0x20 ../bsp_base//obj/HAL/src/crt0.o
 .debug_ranges  0x0000000000000020       0x30 ../bsp_base/\libhal_bsp.a(altera_avalon_jtag_uart_init.o)
 .debug_ranges  0x0000000000000050       0x18 ../bsp_base/\libhal_bsp.a(altera_avalon_jtag_uart_read.o)
 .debug_ranges  0x0000000000000068       0x28 ../bsp_base/\libhal_bsp.a(alt_irq_entry.o)
 .debug_ranges  0x0000000000000090       0x10 ../bsp_base/\libhal_bsp.a(alt_irq_handler.o)
 .debug_ranges  0x00000000000000a0       0x30 ../bsp_base/\libhal_bsp.a(alt_exception_entry.o)
 .debug_ranges  0x00000000000000d0       0x18 ../bsp_base/\libhal_bsp.a(alt_instruction_exception_entry.o)
 .debug_ranges  0x00000000000000e8       0x10 c:/intelfpga_lite/18.1/nios2eds/bin/gnu/h-x86_64-mingw32/bin/../lib/gcc/nios2-elf/5.3.0/../../../../../H-x86_64-mingw32/nios2-elf/lib/mno-hw-mul\libc.a(lib_a-atexit.o)
 .debug_ranges  0x00000000000000f8       0x10 c:/intelfpga_lite/18.1/nios2eds/bin/gnu/h-x86_64-mingw32/bin/../lib/gcc/nios2-elf/5.3.0/../../../../../H-x86_64-mingw32/nios2-elf/lib/mno-hw-mul\libc.a(lib_a-exit.o)
 .debug_ranges  0x0000000000000108       0x10 c:/intelfpga_lite/18.1/nios2eds/bin/gnu/h-x86_64-mingw32/bin/../lib/gcc/nios2-elf/5.3.0/../../../../../H-x86_64-mingw32/nios2-elf/lib/mno-hw-mul\libc.a(lib_a-memcmp.o)
 .debug_ranges  0x0000000000000118       0x10 c:/intelfpga_lite/18.1/nios2eds/bin/gnu/h-x86_64-mingw32/bin/../lib/gcc/nios2-elf/5.3.0/../../../../../H-x86_64-mingw32/nios2-elf/lib/mno-hw-mul\libc.a(lib_a-memcpy.o)
 .debug_ranges  0x0000000000000128       0x10 c:/intelfpga_lite/18.1/nios2eds/bin/gnu/h-x86_64-mingw32/bin/../lib/gcc/nios2-elf/5.3.0/../../../../../H-x86_64-mingw32/nios2-elf/lib/mno-hw-mul\libc.a(lib_a-strlen.o)
 .debug_ranges  0x0000000000000138       0x10 c:/intelfpga_lite/18.1/nios2eds/bin/gnu/h-x86_64-mingw32/bin/../lib/gcc/nios2-elf/5.3.0/../../../../../H-x86_64-mingw32/nios2-elf/lib/mno-hw-mul\libc.a(lib_a-__atexit.o)
 .debug_ranges  0x0000000000000148       0x30 c:/intelfpga_lite/18.1/nios2eds/bin/gnu/h-x86_64-mingw32/bin/../lib/gcc/nios2-elf/5.3.0/../../../../../H-x86_64-mingw32/nios2-elf/lib/mno-hw-mul\libc.a(lib_a-__call_atexit.o)
