eeschema (2012-01-19 BZR 3256)-stable  >> Creation date: Fri 15 Jun 2012 07:05:29 PM COT

#Cmp ( order = Reference ) (with SubCmp)
| C301       0.1uF       
| C302       0.1uF       
| C303       0.1uF       
| C304       0.1uF       
| C305       0.1uF       
| C306       0.1uF       
| C904       33pF        
| C906       15pF        
| C907       15pF        
| C1601      330uF       
| C1602      10uF        
| C1603      330uF       
| C1604      10uF        
| C1605      10uF        
| C1701      100nF       
| C1702      100nF       
| C1703      100nF       
| C1704      100nF       
| C1705      100nF       
| C1706      100nF       
| C1707      100nF       
| C1708      100nF       
| C1709      100nF       
| C1710      100nF       
| C1711      100nF       
| C1712      100nF       
| C1713      100nF       
| C1714      100nF       
| C1715      100nF       
| C1716      100nF       
| C1901      1uF         
| D301       LED         
| D302       LED         
| D1401      LED         
| D1402      LED         
| D1702      LED         
| IC1701A    XC3S250E-VQ100
| IC1701B    XC3S250E-VQ100
| IC1701C    XC3S250E-VQ100
| IC1701D    XC3S250E-VQ100
| IC1701E    XC3S250E-VQ100
| IC1701F    XC3S250E-VQ100
| K501       CONN_3      
| K502       CONN_3      
| K503       CONN_3      
| K504       CONN_3      
| L901       HZ0805C202R-10
| OSC1901    FXO-HC73    
| P501       CONN_5      
| P502       CONN_5      
| P503       CONN_5      
| P504       CONN_5      
| P505       CONN_5      
| P506       CONN_5      
| P507       CONN_5      
| P508       CONN_5      
| P509       CONN_5      
| P510       CONN_5      
| P511       CONN_5      
| P512       CONN_5      
| P601       CONN_4X2    
| P602       CONN_4      
| PAD501     PAD2        
| PAD801     PAD2_NC     
| R301       1.5KR       
| R302       470R        
| R303       1.5KR       
| R307       330R        
| R308       330R        
| R501       330R        
| R502       3.3K        
| R503       3.3K        
| R504       NCR         
| R505       NCR         
| R906       1.5k        
| R909       39R         
| R910       39R         
| R1401      330R        
| R1402      10K         
| R1405      330R        
| R1702      100R        
| R1703      100R        
| R1704      100R        
| R1705      100R        
| SW501      SPULSE      
| SW1402     SPULSE      
| U301       FT2232D     
| U501       AT45DB4D    
| U1401      AP1122_3.3  
| U1402      AP1122_2.5  
| U1601      AP1122_1.2  
| X301       6MHz        
| X901       MINI-USB    
#End Cmp

#Cmp ( order = Value ) (with SubCmp)
| 0.1uF        C301      
| 0.1uF        C302      
| 0.1uF        C303      
| 0.1uF        C304      
| 0.1uF        C305      
| 0.1uF        C306      
| 1.5k         R906      
| 1.5KR        R301      
| 1.5KR        R303      
| 100nF        C1701     
| 100nF        C1702     
| 100nF        C1703     
| 100nF        C1704     
| 100nF        C1705     
| 100nF        C1706     
| 100nF        C1707     
| 100nF        C1708     
| 100nF        C1709     
| 100nF        C1710     
| 100nF        C1711     
| 100nF        C1712     
| 100nF        C1713     
| 100nF        C1714     
| 100nF        C1715     
| 100nF        C1716     
| 100R         R1702     
| 100R         R1703     
| 100R         R1704     
| 100R         R1705     
| 10K          R1402     
| 10uF         C1602     
| 10uF         C1604     
| 10uF         C1605     
| 15pF         C906      
| 15pF         C907      
| 1uF          C1901     
| 3.3K         R502      
| 3.3K         R503      
| 330R         R307      
| 330R         R308      
| 330R         R501      
| 330R         R1401     
| 330R         R1405     
| 330uF        C1601     
| 330uF        C1603     
| 33pF         C904      
| 39R          R909      
| 39R          R910      
| 470R         R302      
| 6MHz         X301      
| AP1122_1.2   U1601     
| AP1122_2.5   U1402     
| AP1122_3.3   U1401     
| AT45DB4D     U501      
| CONN_3       K501      
| CONN_3       K502      
| CONN_3       K503      
| CONN_3       K504      
| CONN_4       P602      
| CONN_4X2     P601      
| CONN_5       P501      
| CONN_5       P502      
| CONN_5       P503      
| CONN_5       P504      
| CONN_5       P505      
| CONN_5       P506      
| CONN_5       P507      
| CONN_5       P508      
| CONN_5       P509      
| CONN_5       P510      
| CONN_5       P511      
| CONN_5       P512      
| FT2232D      U301      
| FXO-HC73     OSC1901   
| HZ0805C202R-10 L901      
| LED          D301      
| LED          D302      
| LED          D1401     
| LED          D1402     
| LED          D1702     
| MINI-USB     X901      
| NCR          R504      
| NCR          R505      
| PAD2         PAD501    
| PAD2_NC      PAD801    
| SPULSE       SW501     
| SPULSE       SW1402    
| XC3S250E-VQ100 IC1701A   
| XC3S250E-VQ100 IC1701B   
| XC3S250E-VQ100 IC1701C   
| XC3S250E-VQ100 IC1701D   
| XC3S250E-VQ100 IC1701E   
| XC3S250E-VQ100 IC1701F   
#End Cmp

#End List
